260827_044012 INFO: Running bilby_pipe version: 1.8.1
260827_044012 INFO: Running bilby version: 2.6.0
260827_044012 INFO: Command line arguments: Namespace(ini='bilby_EXP1_lensed/bilby_lensed_config_complete.ini', verbose=False, calibration_model=None, calibration_correction_type=None, spline_calibration_envelope_dict=None, spline_calibration_nodes=10, spline_calibration_amplitude_uncertainty_dict=None, spline_calibration_phase_uncertainty_dict=None, calibration_prior_boundary='reflective', idx=0, data_dump_file='bilby_EXP1_lensed/data/bilby_lensed_data0_1384782888-63_generation_data_dump.pickle', ignore_gwpy_data_quality_check=True, gps_tuple=None, gps_file=None, timeslide_file=None, timeslide_dict=None, trigger_time='1384782888.63', n_simulation=0, data_dict="{'H1': 'gwf_files/H1.gwf', 'L1': 'gwf_files/L1.gwf'}", data_format=None, allow_tape=True, channel_dict='{"H1": "injection", "L1": "injection"}', fetch_open_data_kwargs=None, frame_type_dict=None, data_find_url=None, data_find_urltype='osdf', gaussian_noise=False, zero_noise=False, coherence_test=False, detectors=['H1', 'L1'], duration=8.0, generation_seed=None, psd_dict="{'H1': '/lustre/astro/junochan/projects/dingo/catalog/A/lensed/validation/bilby/model_A_lensed/run/000892/psds/H1_psd.txt', 'L1': '/lustre/astro/junochan/projects/dingo/catalog/A/lensed/validation/bilby/model_A_lensed/run/000892/psds/L1_psd.txt'}", psd_fractional_overlap=0.5, post_trigger_duration=2.0, sampling_frequency=1024.0, psd_length=32, psd_maximum_duration=1024, psd_method='median', psd_start_time=None, maximum_frequency='448.0', minimum_frequency='20.0', tukey_roll_off=1.0, resampling_method='lal', injection=False, injection_dict=None, injection_file=None, injection_numbers=[None], injection_waveform_approximant=None, injection_frequency_domain_source_model=None, injection_waveform_arguments=None, injection_waveform_generator_constructor_dict=None, accounting=None, accounting_user=None, label='bilby_lensed_data0_1384782888-63_analysis_H1L1', local=False, local_generation=False, generation_pool='local', local_plot=False, outdir='/lustre/astro/junochan/projects/dingo/catalog/A/lensed/validation/bilby/model_A_lensed/run/000892/bilby_EXP1_lensed', overwrite_outdir=False, periodic_restart_time=28800, request_disk=5.0, request_memory=8.0, request_memory_generation=None, request_cpus=64, conda_env='/lustre/hpc/astro/junochan/.conda/envs/o4_dingo_lensing', scheduler='slurm', scheduler_args='partition=tycho1_short ntasks-per-node=64', scheduler_module=[None], scheduler_env=None, scheduler_analysis_time='12:00:00', submit=False, condor_job_priority=0, transfer_files=False, additional_transfer_paths=[None], environment_variables="{'HDF5_USE_FILE_LOCKING': False, 'OMP_NUM_THREADS': 1, 'OMP_PROC_BIND': False}", getenv=[None], disable_hdf5_locking=False, log_directory=None, osg=False, desired_sites=None, analysis_executable=None, analysis_executable_parser=None, scitoken_issuer=None, container=None, calibration_marginalization=False, distance_marginalization=False, distance_marginalization_lookup_table=None, phase_marginalization=False, time_marginalization=False, jitter_time=False, reference_frame='sky', time_reference='geocent', likelihood_type='GravitationalWaveTransient', calibration_lookup_table=None, number_of_response_curves=1000, roq_folder=None, roq_linear_matrix=None, roq_quadratic_matrix=None, roq_weights=None, roq_weight_format='hdf5', roq_scale_factor=1.0, fiducial_parameters=None, update_fiducial_parameters=False, epsilon=0.025, extra_likelihood_kwargs=None, plot_trace=False, plot_data=False, plot_injection=False, plot_spectrogram=False, plot_calibration=False, plot_corner=True, plot_marginal=False, plot_skymap=False, plot_waveform=False, plot_format='pdf', create_summary=False, email=None, notification='Never', queue=None, existing_dir=None, webdir=None, summarypages_arguments=None, result_format='hdf5', final_result=True, final_result_nsamples=20000, default_prior='BBHPriorDict', deltaT=0.2, prior_file=None, prior_dict="{mass_1:Constraint(minimum=1.0, maximum=1001.0, name=None, latex_label=None, unit=None), mass_2:Constraint(minimum=1.0, maximum=1001.0, name=None, latex_label=None, unit=None), chirp_mass:bilby.gw.prior.UniformInComponentsChirpMass(minimum=10.0, maximum=180.0, name='chirp_mass', latex_label='$\\\\mathcal{M}$', unit=None, boundary=None), mass_ratio:bilby.gw.prior.UniformInComponentsMassRatio(minimum=0.125, maximum=1.0, name='mass_ratio', latex_label='$q$', unit=None, boundary=None, equal_mass=False), phase:Uniform(minimum=0.0, maximum=6.283185307179586, name='phase', latex_label='$\\\\phi$', unit=None, boundary='periodic'), a_1:Uniform(minimum=0.0, maximum=0.99, name=None, latex_label=None, unit=None, boundary=None), a_2:Uniform(minimum=0.0, maximum=0.99, name=None, latex_label=None, unit=None, boundary=None), tilt_1:Sine(minimum=0.0, maximum=3.141592653589793, name='tilt_1', latex_label='$\\\\theta_1$', unit=None, boundary=None), tilt_2:Sine(minimum=0.0, maximum=3.141592653589793, name='tilt_2', latex_label='$\\\\theta_2$', unit=None, boundary=None), phi_12:Uniform(minimum=0.0, maximum=6.283185307179586, name='phi_12', latex_label='$\\\\Delta\\\\phi$', unit=None, boundary='periodic'), phi_jl:Uniform(minimum=0.0, maximum=6.283185307179586, name='phi_jl', latex_label='$\\\\phi_{JL}$', unit=None, boundary='periodic'), theta_jn:Sine(minimum=0.0, maximum=3.141592653589793, name='theta_jn', latex_label='$\\\\theta_{JN}$', unit=None, boundary=None), luminosity_distance:Uniform(minimum=500.0, maximum=10000.0, name=None, latex_label=None, unit=None, boundary=None), Delta_t:Uniform(minimum=0.0, maximum=0.1, name=None, latex_label=None, unit=None, boundary=None), mu_rel:Uniform(minimum=0.0, maximum=1.0, name=None, latex_label=None, unit=None, boundary=None), dec:Cosine(minimum=-1.5707963267948966, maximum=1.5707963267948966, name='dec', latex_label='$\\\\mathrm{DEC}$', unit=None, boundary=None), ra:Uniform(minimum=0.0, maximum=6.283185307179586, name='ra', latex_label='$\\\\mathrm{RA}$', unit=None, boundary='periodic'), psi:Uniform(minimum=0.0, maximum=3.141592653589793, name='psi', latex_label='$\\\\psi$', unit=None, boundary='periodic'), Delta_phase:DeltaFunction(peak=1.5707963267948966, name='Delta_phase', latex_label=None, unit=None)}", enforce_signal_duration=False, postprocessing_executable=None, postprocessing_arguments=None, single_postprocessing_executable=None, single_postprocessing_arguments=None, sampler='dynesty', sampling_seed=1, n_parallel=1, sampler_kwargs="{'nlive': 1000, 'naccept': 60, 'check_point_plot': True, 'check_point_delta_t': 1800, 'print_method': 'interval-60', 'sample': 'acceptance-walk', 'npool': 64}", reweighting_configuration=None, reweight_nested_samples=True, waveform_generator='bilby.gw.waveform_generator.LALCBCWaveformGenerator', waveform_generator_constructor_dict=None, reference_frequency=20.0, waveform_approximant='IMRPhenomXPHM', catch_waveform_errors=True, pn_spin_order=-1, pn_tidal_order=-1, pn_phase_order=-1, pn_amplitude_order=0, numerical_relativity_file=None, waveform_arguments_dict=None, mode_array=[None], frequency_domain_source_model='modwaveforms.fdsm.two_images_BBH', conversion_function=None, generation_function='bilby.gw.conversion.generate_all_bbh_parameters', cosmology='Planck15')
260827_044012 INFO: Unknown command line arguments: []
260827_044012 INFO: Sampling seed set to 1
260827_044012 WARNING: calibration_correction_type=None is passed. Assuming calibration_correction_type='data' for H1, L1, K1, and 'template' for V1
260827_044012 INFO: Found data for detectors = ['H1', 'L1']
260827_044012 INFO: Using data for detectors = ['H1', 'L1']
260827_044012 INFO: H1: sampling-frequency=1024.0, segment-start-time=1384782882.63, duration=8.0
260827_044012 INFO: L1: sampling-frequency=1024.0, segment-start-time=1384782882.63, duration=8.0
260827_044012 INFO: No conversion function
04:40 bilby INFO    : Waveform generator initiated with
  frequency_domain_source_model: modwaveforms.fdsm.two_images_BBH
  time_domain_source_model: None
  parameter_conversion: bilby.gw.conversion.convert_to_lal_binary_black_hole_parameters
260827_044012 INFO: Using user-specified generation bilby.gw.conversion.generate_all_bbh_parameters
04:40 bilby INFO    : Running for label 'bilby_lensed_data0_1384782888-63_analysis_H1L1', output will be saved to 'bilby_EXP1_lensed/result'
04:40 bilby INFO    : Using lal version 7.7.1
04:40 bilby INFO    : Using lal git version Branch: None;Tag: lalsuite-v7.26.15;Id: 2c00d8c200308422036d0a23b7c0394f7c73faad;;Builder: Unknown User <>;Repository status: CLEAN: All modifications committed
04:40 bilby INFO    : Using lalsimulation version 6.2.1
04:40 bilby INFO    : Using lalsimulation git version Branch: None;Tag: lalsuite-v7.26.15;Id: 2c00d8c200308422036d0a23b7c0394f7c73faad;;Builder: Unknown User <>;Repository status: CLEAN: All modifications committed
Error while loading conda entry point: conda-libmamba-solver (libarchive.so.19: cannot open shared object file: No such file or directory)
04:40 bilby INFO    : Analysis priors:
04:40 bilby INFO    : chirp_mass=bilby.gw.prior.UniformInComponentsChirpMass(minimum=10.0, maximum=180.0, name='chirp_mass', latex_label='$\\\\mathcal{M}$', unit=None, boundary=None)
04:40 bilby INFO    : mass_ratio=bilby.gw.prior.UniformInComponentsMassRatio(minimum=0.125, maximum=1.0, name='mass_ratio', latex_label='$q$', unit=None, boundary=None, equal_mass=False)
04:40 bilby INFO    : phase=Uniform(minimum=0.0, maximum=6.283185307179586, name='phase', latex_label='$\\\\phi$', unit=None, boundary='periodic')
04:40 bilby INFO    : a_1=Uniform(minimum=0.0, maximum=0.99, name=None, latex_label=None, unit=None, boundary=None)
04:40 bilby INFO    : a_2=Uniform(minimum=0.0, maximum=0.99, name=None, latex_label=None, unit=None, boundary=None)
04:40 bilby INFO    : tilt_1=Sine(minimum=0.0, maximum=3.141592653589793, name='tilt_1', latex_label='$\\\\theta_1$', unit=None, boundary=None)
04:40 bilby INFO    : tilt_2=Sine(minimum=0.0, maximum=3.141592653589793, name='tilt_2', latex_label='$\\\\theta_2$', unit=None, boundary=None)
04:40 bilby INFO    : phi_12=Uniform(minimum=0.0, maximum=6.283185307179586, name='phi_12', latex_label='$\\\\Delta\\\\phi$', unit=None, boundary='periodic')
04:40 bilby INFO    : phi_jl=Uniform(minimum=0.0, maximum=6.283185307179586, name='phi_jl', latex_label='$\\\\phi_{JL}$', unit=None, boundary='periodic')
04:40 bilby INFO    : theta_jn=Sine(minimum=0.0, maximum=3.141592653589793, name='theta_jn', latex_label='$\\\\theta_{JN}$', unit=None, boundary=None)
04:40 bilby INFO    : luminosity_distance=Uniform(minimum=500.0, maximum=10000.0, name=None, latex_label=None, unit=None, boundary=None)
04:40 bilby INFO    : Delta_t=Uniform(minimum=0.0, maximum=0.1, name=None, latex_label=None, unit=None, boundary=None)
04:40 bilby INFO    : mu_rel=Uniform(minimum=0.0, maximum=1.0, name=None, latex_label=None, unit=None, boundary=None)
04:40 bilby INFO    : dec=Cosine(minimum=-1.5707963267948966, maximum=1.5707963267948966, name='dec', latex_label='$\\\\mathrm{DEC}$', unit=None, boundary=None)
04:40 bilby INFO    : ra=Uniform(minimum=0.0, maximum=6.283185307179586, name='ra', latex_label='$\\\\mathrm{RA}$', unit=None, boundary='periodic')
04:40 bilby INFO    : psi=Uniform(minimum=0.0, maximum=3.141592653589793, name='psi', latex_label='$\\\\psi$', unit=None, boundary='periodic')
04:40 bilby INFO    : geocent_time=Uniform(minimum=1384782888.5300002, maximum=1384782888.73, name='geocent_time', latex_label='$t_c$', unit='$s$', boundary=None)
04:40 bilby INFO    : mass_1=Constraint(minimum=1.0, maximum=1001.0, name=None, latex_label=None, unit=None)
04:40 bilby INFO    : mass_2=Constraint(minimum=1.0, maximum=1001.0, name=None, latex_label=None, unit=None)
04:40 bilby INFO    : Delta_phase=1.5707963267948966
04:40 bilby INFO    : Analysis likelihood class: <class 'bilby.gw.likelihood.base.GravitationalWaveTransient'>
04:40 bilby INFO    : Analysis likelihood noise evidence: -5869.184969810239
04:40 bilby INFO    : Single likelihood evaluation took 2.731e-03 s
04:40 bilby WARNING : Kwargs contain both 'rstate' and 'seed', ignoring 'seed'.
04:40 bilby INFO    : Using sampler Dynesty with kwargs {'nlive': 1000, 'bound': 'live', 'sample': 'acceptance-walk', 'periodic': None, 'reflective': None, 'update_interval': 600, 'first_update': None, 'npdim': None, 'rstate': Generator(PCG64) at 0x7F2B504F98C0, 'queue_size': 64, 'pool': None, 'use_pool': None, 'live_points': None, 'logl_args': None, 'logl_kwargs': None, 'ptform_args': None, 'ptform_kwargs': None, 'gradient': None, 'grad_args': None, 'grad_kwargs': None, 'compute_jac': False, 'enlarge': None, 'bootstrap': None, 'walks': 100, 'facc': 0.2, 'slices': None, 'fmove': 0.9, 'max_move': 100, 'update_func': None, 'ncdim': None, 'blob': False, 'save_history': False, 'history_filename': None, 'maxiter': None, 'maxcall': None, 'dlogz': 0.1, 'logl_max': inf, 'n_effective': None, 'add_live': True, 'print_progress': True, 'print_func': <bound method Dynesty._print_func of <bilby.core.sampler.dynesty.Dynesty object at 0x7f2b502b9400>>, 'save_bounds': False, 'checkpoint_file': None, 'checkpoint_every': 60, 'resume': False, 'seed': 1}
04:40 bilby INFO    : Global meta data was removed from the result object for compatibility. Use the `BILBY_INCLUDE_GLOBAL_METADATA` environment variable to include it. This behaviour will be removed in a future release. For more details see: https://bilby-dev.github.io/bilby/faq.html#global-meta-data
04:40 bilby INFO    : Checkpoint every check_point_delta_t = 1800s
04:40 bilby INFO    : Using dynesty version 2.1.5
04:40 bilby INFO    : Using the bilby-implemented acceptance-walk sampling with an average of 60 accepted steps per MCMC and maximum length 5000
04:40 bilby INFO    : Setting up multiproccesing pool with 64 processes
04:40 bilby INFO    : Resume file bilby_EXP1_lensed/result/bilby_lensed_data0_1384782888-63_analysis_H1L1_resume.pickle does not exist.
04:40 bilby INFO    : Generating initial points from the prior
05:05 bilby INFO    : Written checkpoint file bilby_EXP1_lensed/result/bilby_lensed_data0_1384782888-63_analysis_H1L1_resume.pickle
05:05 bilby INFO    : Starting to close worker pool.
05:05 bilby INFO    : Finished closing worker pool.
05:05 bilby INFO    : Rejection sampling nested samples to obtain 7425 posterior samples
05:05 bilby INFO    : Sampling time: 0:25:04.318225
05:05 bilby INFO    : Computing per-detector log likelihoods.
05:05 bilby INFO    : Using a pool with size 64 for nsamples=7425
05:05 bilby INFO    : Computing SNRs for every sample.
05:05 bilby INFO    : Using a pool with size 64 for nsamples=7425
05:05 bilby INFO    : Summary of results:
nsamples: 7425
ln_noise_evidence: -5869.185
ln_evidence: -5829.470 +/-  0.153
ln_bayes_factor: 39.715 +/-  0.153

260827_050547 INFO: Run completed
