09/06/26 20:28:47 ******************************************************
09/06/26 20:28:47 ** condor_dagman (CONDOR_DAGMAN) STARTING UP
09/06/26 20:28:47 ** /usr/bin/condor_dagman
09/06/26 20:28:47 ** SubsystemInfo: name=DAGMAN type=DAGMAN(9) class=CLIENT(2)
09/06/26 20:28:47 ** Configuration: subsystem:DAGMAN local:<NONE> class:CLIENT
09/06/26 20:28:47 ** $CondorVersion: 25.13.2 2026-08-20 BuildID: 943576 PackageID: 25.13.2-1 GitSHA: 589a5b38 $
09/06/26 20:28:47 ** $CondorPlatform: x86_64_AlmaLinux8 $
09/06/26 20:28:47 ** PID = 2587208 RealUID = 47804
09/06/26 20:28:47 ** Log last touched time unavailable (No such file or directory)
09/06/26 20:28:47 ******************************************************
09/06/26 20:28:47 Using config source: /etc/condor/condor_config
09/06/26 20:28:47 Using local config sources: 
09/06/26 20:28:47    /usr/share/condor/config.d/50-gratia-gwms.conf
09/06/26 20:28:47    /etc/condor/config.d/00-htcondor-9.0.config
09/06/26 20:28:47    /etc/condor/config.d/00-ldas
09/06/26 20:28:47    /etc/condor/config.d/00-max_default_log
09/06/26 20:28:47    /etc/condor/config.d/00-security
09/06/26 20:28:47    /etc/condor/config.d/00_gwms_general.config
09/06/26 20:28:47    /etc/condor/config.d/02-dagman
09/06/26 20:28:47    /etc/condor/config.d/02-scheduler
09/06/26 20:28:47    /etc/condor/config.d/02_gwms_schedds.config
09/06/26 20:28:47    /etc/condor/config.d/03_gwms_local.config
09/06/26 20:28:47    /etc/condor/config.d/10-disable-getenv-true
09/06/26 20:28:47    /etc/condor/config.d/10-stash-plugin.conf
09/06/26 20:28:47    /etc/condor/config.d/15-dagman-default-append-vars
09/06/26 20:28:47    /etc/condor/config.d/30-scratch-mount
09/06/26 20:28:47    /etc/condor/config.d/40-oauth-credmon.conf
09/06/26 20:28:47    /etc/condor/config.d/50-transfer-limits
09/06/26 20:28:47    /etc/condor/config.d/55-transfer-history
09/06/26 20:28:47    /etc/condor/config.d/65-system-periodic-hold
09/06/26 20:28:47    /etc/condor/config.d/80-osg-flocking.conf
09/06/26 20:28:47    /etc/condor/config.d/81-osg-flock-version.conf
09/06/26 20:28:47    /etc/condor/config.d/85-debug
09/06/26 20:28:47    /etc/condor/config.d/85-machine-transfer-attrs
09/06/26 20:28:47    /etc/condor/config.d/90-schedd-limits.config
09/06/26 20:28:47    /etc/condor/config.d/90_gwms_dns.config
09/06/26 20:28:47    /etc/condor/config.d/94-dagman-disable-throttle
09/06/26 20:28:47    /etc/condor/config.d/98-ha-central-manager
09/06/26 20:28:47    /etc/condor/config.d/99-DAGMAN_MAX_JOBS_IDLE
09/06/26 20:28:47    /etc/condor/config.d/99-gratia-gwms.conf
09/06/26 20:28:47    /etc/condor/config.d/99-job-epoch-history
09/06/26 20:28:47    /etc/condor/config.d/99-librarian
09/06/26 20:28:47    /etc/condor/config.d/99-local
09/06/26 20:28:47    /etc/condor/config.d/99-local-universe-cgroup-enforcement
09/06/26 20:28:47    /etc/condor/config.d/99-memory
09/06/26 20:28:47    /etc/condor/config.d/99-pools-requirements
09/06/26 20:28:47    /etc/condor/config.d/99-request-disk
09/06/26 20:28:47    /etc/condor/config.d/99-request-missing-units
09/06/26 20:28:47    /etc/condor/config.d/99-security
09/06/26 20:28:47    /etc/condor/config.d/99-shared-port-descriptor
09/06/26 20:28:47    /etc/condor/config.d/99-transform
09/06/26 20:28:47    /etc/condor/config.d/99-transform-container-warning
09/06/26 20:28:47    /etc/condor/config.d/99-transform-default-pools
09/06/26 20:28:47    /etc/condor/config.d/99-transform-pelican-retry
09/06/26 20:28:47    /etc/condor/config.d/99-want-core
09/06/26 20:28:47    /etc/condor/config.d/99-warn-flock-local
09/06/26 20:28:47    /etc/condor/condor_config.local
09/06/26 20:28:47 config Macros = 261, Sorted = 261, StringBytes = 15583, TablesBytes = 9788
09/06/26 20:28:47 CLASSAD_CACHING is ENABLED
09/06/26 20:28:47 Daemon Log is logging: D_ALWAYS D_ERROR D_STATUS
09/06/26 20:28:47 Daemoncore: Listening at <0.0.0.0:32641> on TCP (ReliSock) and UDP (SafeSock).
09/06/26 20:28:47 DaemonCore: command socket at <131.215.5.225:32641?PrivAddr=%3c10.14.0.75:32641%3e&PrivNet=LIGO-Caltech&addrs=131.215.5.225-32641&alias=ldas-osg.ligo.caltech.edu>
09/06/26 20:28:47 DaemonCore: private command socket at <10.14.0.75:32641?addrs=131.215.5.225-32641>
09/06/26 20:28:47 DAGMAN_USE_OLD_FILE_PARSER setting: False
09/06/26 20:28:47 DAGMAN_USE_STRICT setting: 1
09/06/26 20:28:47 DAGMAN_VERBOSITY setting: 3
09/06/26 20:28:47 DAGMAN_DEBUG_CACHE_SIZE setting: 5242880
09/06/26 20:28:47 DAGMAN_DEBUG_CACHE_ENABLE setting: True
09/06/26 20:28:47 DAGMAN_SUBMIT_DELAY setting: 0
09/06/26 20:28:47 DAGMAN_MAX_SUBMIT_ATTEMPTS setting: 6
09/06/26 20:28:47 DAGMAN_STARTUP_CYCLE_DETECT setting: False
09/06/26 20:28:47 DAGMAN_USE_JOIN_NODES setting: True
09/06/26 20:28:47 DAGMAN_REPORT_GRAPH_METRICS setting: False
09/06/26 20:28:47 DAGMAN_MAX_SUBMITS_PER_INTERVAL setting: 1000
09/06/26 20:28:47 DAGMAN_AGGRESSIVE_SUBMIT setting: False
09/06/26 20:28:47 DAGMAN_USER_LOG_SCAN_INTERVAL setting: 30
09/06/26 20:28:47 DAGMAN_QUEUE_UPDATE_INTERVAL setting: 300.000000
09/06/26 20:28:47 DAGMAN_DEFAULT_PRIORITY setting: 0
09/06/26 20:28:47 DAGMAN_SUPPRESS_NOTIFICATION setting: False
09/06/26 20:28:47 allow_events (DAGMAN_ALLOW_EVENTS) setting: 114
09/06/26 20:28:47 DAGMAN_RETRY_SUBMIT_FIRST setting: True
09/06/26 20:28:47 DAGMAN_RETRY_NODE_FIRST setting: False
09/06/26 20:28:47 DAGMAN_MAX_JOBS_IDLE setting: 100
09/06/26 20:28:47 DAGMAN_MAX_JOBS_SUBMITTED setting: 50000
09/06/26 20:28:47 DAGMAN_MAX_PRE_SCRIPTS setting: 20
09/06/26 20:28:47 DAGMAN_MAX_POST_SCRIPTS setting: 20
09/06/26 20:28:47 DAGMAN_MAX_HOLD_SCRIPTS setting: 20
09/06/26 20:28:47 DAGMAN_MUNGE_NODE_NAMES setting: True
09/06/26 20:28:47 DAGMAN_ALLOW_ANY_NODE_NAME_CHARACTERS setting: False
09/06/26 20:28:47 DAGMAN_PROHIBIT_MULTI_JOBS setting: False
09/06/26 20:28:47 DAGMAN_SUBMIT_DEPTH_FIRST setting: True
09/06/26 20:28:47 DAGMAN_ALWAYS_RUN_POST setting: False
09/06/26 20:28:47 DAGMAN_CONDOR_SUBMIT_EXE setting: /usr/bin/condor_submit
09/06/26 20:28:47 DAGMAN_CONDOR_RM_EXE setting: /usr/bin/condor_rm
09/06/26 20:28:47 DAGMAN_USE_DIRECT_SUBMIT setting: True
09/06/26 20:28:47 DAGMAN_PRODUCE_JOB_CREDENTIALS setting: True
09/06/26 20:28:47 DAGMAN_DEFAULT_APPEND_VARS setting: True
09/06/26 20:28:47 DAGMAN_INHERIT_ATTRS_PREFIX setting: 
09/06/26 20:28:47 DAGMAN_INHERIT_ATTRS setting: 
09/06/26 20:28:47 DAGMAN_ABORT_DUPLICATES setting: True
09/06/26 20:28:47 DAGMAN_ABORT_ON_SCARY_SUBMIT setting: True
09/06/26 20:28:47 DAGMAN_PENDING_REPORT_INTERVAL setting: 600
09/06/26 20:28:47 DAGMAN_CHECK_QUEUE_INTERVAL setting: 28800
09/06/26 20:28:47 DAGMAN_PRINT_JOB_TABLE_INTERVAL setting: 900
09/06/26 20:28:47 DAGMAN_AUTO_RESCUE setting: True
09/06/26 20:28:47 DAGMAN_MAX_RESCUE_NUM setting: 100
09/06/26 20:28:47 DAGMAN_RESET_RETRIES_UPON_RESCUE setting: True
09/06/26 20:28:47 DAGMAN_METRICS_FILE_VERSION setting: 2
09/06/26 20:28:47 DAGMAN_DEFAULT_NODE_LOG setting: @(DAG_DIR)/@(DAG_FILE).nodes.log
09/06/26 20:28:47 DAGMAN_LOG_ON_NFS_IS_ERROR setting: False
09/06/26 20:28:47 DAGMAN_GENERATE_SUBDAG_SUBMITS setting: True
09/06/26 20:28:47 DAGMAN_MAX_JOB_HOLDS setting: 100
09/06/26 20:28:47 DAGMAN_NODE_JOB_FAILURE_TOLERANCE setting: 0
09/06/26 20:28:47 DAGMAN_HOLD_CLAIM_TIME setting: 20
09/06/26 20:28:47 DAGMAN_SUPPRESS_JOB_LOGS setting: False
09/06/26 20:28:47 DAGMAN_REMOVE_NODE_JOBS setting: True
09/06/26 20:28:47 DAGMAN_PUT_FAILED_JOBS_ON_HOLD setting: False
09/06/26 20:28:47 DAGMAN_REMOVE_JOBS_AFTER_LIMIT_CHANGE setting: False
09/06/26 20:28:47 DAGMAN will adjust edges after parsing
09/06/26 20:28:47 Enabling log line cache for increased NFS performance.
09/06/26 20:28:47 Can't open directory "/etc/condor/passwords.d" as PRIV_ROOT, errno: 13 (Permission denied)
09/06/26 20:28:47 Can't open directory "/etc/condor/passwords.d" as PRIV_ROOT, errno: 13 (Permission denied)
09/06/26 20:28:47 argv[0] == "/usr/bin/condor_dagman"
09/06/26 20:28:47 argv[1] == "-Lockfile"
09/06/26 20:28:47 argv[2] == "dingo_EXP1_lensed/submit/dag_label.submit.lock"
09/06/26 20:28:47 argv[3] == "-Dag"
09/06/26 20:28:47 argv[4] == "dingo_EXP1_lensed/submit/dag_label.submit"
09/06/26 20:28:47 argv[5] == "-CsdVersion"
09/06/26 20:28:47 argv[6] == "$CondorVersion: 25.13.2 2026-08-20 BuildID: 943576 PackageID: 25.13.2-1 GitSHA: 589a5b38 $"
09/06/26 20:28:47 argv[7] == "-dagman"
09/06/26 20:28:47 argv[8] == "/usr/bin/condor_dagman"
09/06/26 20:28:47 argv[9] == "-AutoRescue"
09/06/26 20:28:47 argv[10] == "1"
09/06/26 20:28:47 argv[11] == "-include_env"
09/06/26 20:28:47 argv[12] == "HTGETTOKENOPTS"
09/06/26 20:28:47 Workflow batch-id: <225715614.0>
09/06/26 20:28:47 Workflow batch-name: <dag_label.submit+225715614>
09/06/26 20:28:47 Workflow accounting_group: <>
09/06/26 20:28:47 Workflow accounting_group_user: <>
09/06/26 20:28:47 Warning: failed to get attribute DAGNodeName
09/06/26 20:28:47 Default node log file is: </home/kailibryan.doney/dingo_lensing_tutorial/materials/ex3_dingo_lensing_application/dingo_EXP1_lensed/submit/dag_label.submit.nodes.log>
09/06/26 20:28:47 Note:  DAGMAN_MAX_JOBS_IDLE has been changed from the default setting; if your submit files create multiple procs, you should probably set DAGMAN_MAX_SUBMITS_PER_INTERVAL to 1
09/06/26 20:28:47 Warning: your DAGMAN_MAX_SUBMITS_PER_INTERVAL setting of 1000 may interfere with your DAGMAN_MAX_JOBS_IDLE setting of 100
09/06/26 20:28:47 Setting DAGMan throttles:
09/06/26 20:28:47 	Maximum Idle Jobs-------------: 100
09/06/26 20:28:47 	Maximum Pre Scripts-----------: 20
09/06/26 20:28:47 	Maximum Hold Scripts----------: 20
09/06/26 20:28:47 	Maximum Post Scripts----------: 20
09/06/26 20:28:47 	Maximum Submitted Nodes-------: 50000
09/06/26 20:28:47 	Maximum Submits Per Interval--: 1000
09/06/26 20:28:47 DAG Lockfile will be written to dingo_EXP1_lensed/submit/dag_label.submit.lock
09/06/26 20:28:47 DAG Input file is dingo_EXP1_lensed/submit/dag_label.submit
09/06/26 20:28:47 Parsing 1 dagfiles
09/06/26 20:28:47 Parsing dingo_EXP1_lensed/submit/dag_label.submit ...
09/06/26 20:28:47 Adjusting edges
09/06/26 20:28:47 Dag contains 4 total nodes
09/06/26 20:28:47 Bootstrapping...
09/06/26 20:28:47 Number of pre-completed nodes: 0
09/06/26 20:28:47 MultiLogFiles: truncating log file /home/kailibryan.doney/dingo_lensing_tutorial/materials/ex3_dingo_lensing_application/dingo_EXP1_lensed/submit/dag_label.submit.nodes.log
09/06/26 20:28:47 DAG status: 0 (DAG_STATUS_OK)
09/06/26 20:28:47 Of 4 nodes total:
09/06/26 20:28:47  Done     Pre   Queued    Post   Ready   Un-Ready   Failed   Futile
09/06/26 20:28:47   ===     ===      ===     ===     ===        ===      ===      ===
09/06/26 20:28:47     0       0        0       0       1          3        0        0
09/06/26 20:28:47 0 job proc(s) currently held
09/06/26 20:28:47 DAGMan Runtime Statistics: [EventCycleTimeSum=0.000; SleepCycleTimeSum=0.000; SubmitCycleTimeSum=0.000; EventCycleTimeCount=0.000; SleepCycleTimeCount=0.000; SubmitCycleTimeCount=0.000; LogProcessCycleTimeSum=0.000; LogProcessCycleTimeCount=0.000; ]
09/06/26 20:28:47 Registering condor_event_timer...
09/06/26 20:28:48 Submitting HTCondor Node label_data0_1384782888-63_generation_arg_0 job(s)...
09/06/26 20:28:48 Submitting node label_data0_1384782888-63_generation_arg_0 from file dingo_EXP1_lensed/submit/label_data0_1384782888-63_generation.submit using direct job submission
09/06/26 20:28:48 Can't open directory "/etc/condor/passwords.d" as PRIV_ROOT, errno: 13 (Permission denied)
09/06/26 20:28:48 Can't open directory "/etc/condor/passwords.d" as PRIV_ROOT, errno: 13 (Permission denied)
09/06/26 20:28:48 CRED: CredD says we have everything
09/06/26 20:28:48  Queue warning: QMGMT:0:MY.flock_local is deprecated. Use MY.POOLS = "IGWN,CIT".
09/06/26 20:28:48 	assigned HTCondor ID (225715616.0.0)
09/06/26 20:28:48 Just submitted 1 job this cycle...
09/06/26 20:28:48 DAG status: 0 (DAG_STATUS_OK)
09/06/26 20:28:48 Of 4 nodes total:
09/06/26 20:28:48  Done     Pre   Queued    Post   Ready   Un-Ready   Failed   Futile
09/06/26 20:28:48   ===     ===      ===     ===     ===        ===      ===      ===
09/06/26 20:28:48     0       0        1       0       0          3        0        0
09/06/26 20:28:48 0 job proc(s) currently held
09/06/26 20:28:48 DAGMan Runtime Statistics: [EventCycleTimeSum=0.000; SleepCycleTimeSum=0.000; SubmitCycleTimeAvg=0.046; SubmitCycleTimeMax=0.046; SubmitCycleTimeMin=0.046; SubmitCycleTimeStd=0.046; SubmitCycleTimeSum=0.046; EventCycleTimeCount=0.000; SleepCycleTimeCount=0.000; SubmitCycleTimeCount=1.000; LogProcessCycleTimeSum=0.000; LogProcessCycleTimeCount=0.000; ]
09/06/26 20:29:18 Currently monitoring 1 HTCondor log file(s)
09/06/26 20:29:18 Reassigning the id of job label_data0_1384782888-63_generation_arg_0 from (225715616.0.0) to (225715616.0.0)
09/06/26 20:29:18 Event: ULOG_SUBMIT for HTCondor Node label_data0_1384782888-63_generation_arg_0 (225715616.0.0) {09/06/26 20:28:48}
09/06/26 20:29:18 Number of idle job procs: 1
09/06/26 20:29:48 Currently monitoring 1 HTCondor log file(s)
09/06/26 20:29:48 Event: ULOG_EXECUTE for HTCondor Node label_data0_1384782888-63_generation_arg_0 (225715616.0.0) {09/06/26 20:29:30}
09/06/26 20:29:48 Number of idle job procs: 0
09/06/26 20:29:48 Event: ULOG_JOB_EVICTED for HTCondor Node label_data0_1384782888-63_generation_arg_0 (225715616.0.0) {09/06/26 20:29:40}
09/06/26 20:29:48 Number of idle job procs: 1
09/06/26 20:29:48 Event: ULOG_JOB_HELD for HTCondor Node label_data0_1384782888-63_generation_arg_0 (225715616.0.0) {09/06/26 20:29:40}
09/06/26 20:29:48   Hold reason: Error from slot1_3@node2166.cluster.ldas.cit: Failed to execute '/var/lib/condor/execute/dir_2357323/scratch/dingo_lensing_pipe_generation' with arguments dingo_EXP1_lensed/label_config_complete.ini --label label_data0_1384782888-63_generation --idx 0 --trigger-time 1384782888.63 --outdir dingo_EXP1_lensed: invalid interpreter (/home/chun-lung.chan/.conda/envs/dingo_lensing_team_20260826/bin/python3.13) specified on first line of script (errno=2: 'No such file or directory')
09/06/26 20:29:48 Number of idle job procs: 1
09/06/26 20:29:48 DAG status: 0 (DAG_STATUS_OK)
09/06/26 20:29:48 Of 4 nodes total:
09/06/26 20:29:48  Done     Pre   Queued    Post   Ready   Un-Ready   Failed   Futile
09/06/26 20:29:48   ===     ===      ===     ===     ===        ===      ===      ===
09/06/26 20:29:48     0       0        1       0       0          3        0        0
09/06/26 20:29:48 1 job proc(s) currently held
09/06/26 20:29:48 DAGMan Runtime Statistics: [EventCycleTimeAvg=0.034; EventCycleTimeMax=0.053; EventCycleTimeMin=0.016; EventCycleTimeStd=0.027; EventCycleTimeSum=0.069; SleepCycleTimeAvg=30.023; SleepCycleTimeMax=30.029; SleepCycleTimeMin=30.017; SleepCycleTimeStd=0.008; SleepCycleTimeSum=60.046; SubmitCycleTimeAvg=0.015; SubmitCycleTimeMax=0.046; SubmitCycleTimeMin=0.000; SubmitCycleTimeStd=0.026; SubmitCycleTimeSum=0.046; EventCycleTimeCount=2.000; SleepCycleTimeCount=2.000; SubmitCycleTimeCount=3.000; LogProcessCycleTimeAvg=0.005; LogProcessCycleTimeMax=0.006; LogProcessCycleTimeMin=0.005; LogProcessCycleTimeStd=0.001; LogProcessCycleTimeSum=0.011; LogProcessCycleTimeCount=2.000; ]
09/06/26 20:39:48 600 seconds since last log event
09/06/26 20:39:48 Pending DAG nodes:
09/06/26 20:39:48   Node label_data0_1384782888-63_generation_arg_0, HTCondor ID 225715616, status STATUS_SUBMITTED
09/06/26 20:43:48 Total jobs placed to AP: 1
09/06/26 20:43:48      Idle     Held     Running     Successful     Failed
09/06/26 20:43:48       ===      ===         ===            ===        ===
09/06/26 20:43:48         0        1           0              0          0
09/06/26 20:49:48 1200 seconds since last log event
09/06/26 20:49:48 Pending DAG nodes:
09/06/26 20:49:48   Node label_data0_1384782888-63_generation_arg_0, HTCondor ID 225715616, status STATUS_SUBMITTED
09/06/26 20:58:49 Total jobs placed to AP: 1
09/06/26 20:58:49      Idle     Held     Running     Successful     Failed
09/06/26 20:58:49       ===      ===         ===            ===        ===
09/06/26 20:58:49         0        1           0              0          0
09/06/26 20:59:49 1801 seconds since last log event
09/06/26 20:59:49 Pending DAG nodes:
09/06/26 20:59:49   Node label_data0_1384782888-63_generation_arg_0, HTCondor ID 225715616, status STATUS_SUBMITTED
09/06/26 21:09:50 2402 seconds since last log event
09/06/26 21:09:50 Pending DAG nodes:
09/06/26 21:09:50   Node label_data0_1384782888-63_generation_arg_0, HTCondor ID 225715616, status STATUS_SUBMITTED
09/06/26 21:13:50 Total jobs placed to AP: 1
09/06/26 21:13:50      Idle     Held     Running     Successful     Failed
09/06/26 21:13:50       ===      ===         ===            ===        ===
09/06/26 21:13:50         0        1           0              0          0
09/06/26 21:19:50 3002 seconds since last log event
09/06/26 21:19:50 Pending DAG nodes:
09/06/26 21:19:50   Node label_data0_1384782888-63_generation_arg_0, HTCondor ID 225715616, status STATUS_SUBMITTED
09/06/26 21:28:51 Total jobs placed to AP: 1
09/06/26 21:28:51      Idle     Held     Running     Successful     Failed
09/06/26 21:28:51       ===      ===         ===            ===        ===
09/06/26 21:28:51         0        1           0              0          0
09/06/26 21:29:51 3603 seconds since last log event
09/06/26 21:29:51 Pending DAG nodes:
09/06/26 21:29:51   Node label_data0_1384782888-63_generation_arg_0, HTCondor ID 225715616, status STATUS_SUBMITTED
09/06/26 21:39:52 4204 seconds since last log event
09/06/26 21:39:52 Pending DAG nodes:
09/06/26 21:39:52   Node label_data0_1384782888-63_generation_arg_0, HTCondor ID 225715616, status STATUS_SUBMITTED
09/06/26 21:43:52 Total jobs placed to AP: 1
09/06/26 21:43:52      Idle     Held     Running     Successful     Failed
09/06/26 21:43:52       ===      ===         ===            ===        ===
09/06/26 21:43:52         0        1           0              0          0
09/06/26 21:49:52 4804 seconds since last log event
09/06/26 21:49:52 Pending DAG nodes:
09/06/26 21:49:52   Node label_data0_1384782888-63_generation_arg_0, HTCondor ID 225715616, status STATUS_SUBMITTED
09/06/26 21:58:52 Total jobs placed to AP: 1
09/06/26 21:58:52      Idle     Held     Running     Successful     Failed
09/06/26 21:58:52       ===      ===         ===            ===        ===
09/06/26 21:58:52         0        1           0              0          0
09/06/26 21:59:52 5404 seconds since last log event
09/06/26 21:59:52 Pending DAG nodes:
09/06/26 21:59:52   Node label_data0_1384782888-63_generation_arg_0, HTCondor ID 225715616, status STATUS_SUBMITTED
09/06/26 22:09:54 6006 seconds since last log event
09/06/26 22:09:54 Pending DAG nodes:
09/06/26 22:09:54   Node label_data0_1384782888-63_generation_arg_0, HTCondor ID 225715616, status STATUS_SUBMITTED
09/06/26 22:13:54 Total jobs placed to AP: 1
09/06/26 22:13:54      Idle     Held     Running     Successful     Failed
09/06/26 22:13:54       ===      ===         ===            ===        ===
09/06/26 22:13:54         0        1           0              0          0
09/06/26 22:19:55 6607 seconds since last log event
09/06/26 22:19:55 Pending DAG nodes:
09/06/26 22:19:55   Node label_data0_1384782888-63_generation_arg_0, HTCondor ID 225715616, status STATUS_SUBMITTED
09/06/26 22:28:56 Total jobs placed to AP: 1
09/06/26 22:28:56      Idle     Held     Running     Successful     Failed
09/06/26 22:28:56       ===      ===         ===            ===        ===
09/06/26 22:28:56         0        1           0              0          0
09/06/26 22:29:56 7208 seconds since last log event
09/06/26 22:29:56 Pending DAG nodes:
09/06/26 22:29:56   Node label_data0_1384782888-63_generation_arg_0, HTCondor ID 225715616, status STATUS_SUBMITTED
09/06/26 22:39:57 7809 seconds since last log event
09/06/26 22:39:57 Pending DAG nodes:
09/06/26 22:39:57   Node label_data0_1384782888-63_generation_arg_0, HTCondor ID 225715616, status STATUS_SUBMITTED
09/06/26 22:43:57 Total jobs placed to AP: 1
09/06/26 22:43:57      Idle     Held     Running     Successful     Failed
09/06/26 22:43:57       ===      ===         ===            ===        ===
09/06/26 22:43:57         0        1           0              0          0
09/06/26 22:49:58 8410 seconds since last log event
09/06/26 22:49:58 Pending DAG nodes:
09/06/26 22:49:58   Node label_data0_1384782888-63_generation_arg_0, HTCondor ID 225715616, status STATUS_SUBMITTED
09/06/26 22:58:58 Total jobs placed to AP: 1
09/06/26 22:58:58      Idle     Held     Running     Successful     Failed
09/06/26 22:58:58       ===      ===         ===            ===        ===
09/06/26 22:58:58         0        1           0              0          0
09/06/26 22:59:58 9010 seconds since last log event
09/06/26 22:59:58 Pending DAG nodes:
09/06/26 22:59:58   Node label_data0_1384782888-63_generation_arg_0, HTCondor ID 225715616, status STATUS_SUBMITTED
09/06/26 23:09:58 9610 seconds since last log event
09/06/26 23:09:58 Pending DAG nodes:
09/06/26 23:09:58   Node label_data0_1384782888-63_generation_arg_0, HTCondor ID 225715616, status STATUS_SUBMITTED
09/06/26 23:13:58 Total jobs placed to AP: 1
09/06/26 23:13:58      Idle     Held     Running     Successful     Failed
09/06/26 23:13:58       ===      ===         ===            ===        ===
09/06/26 23:13:58         0        1           0              0          0
09/06/26 23:19:58 10210 seconds since last log event
09/06/26 23:19:58 Pending DAG nodes:
09/06/26 23:19:58   Node label_data0_1384782888-63_generation_arg_0, HTCondor ID 225715616, status STATUS_SUBMITTED
09/06/26 23:28:58 Total jobs placed to AP: 1
09/06/26 23:28:58      Idle     Held     Running     Successful     Failed
09/06/26 23:28:58       ===      ===         ===            ===        ===
09/06/26 23:28:58         0        1           0              0          0
09/06/26 23:29:58 10810 seconds since last log event
09/06/26 23:29:58 Pending DAG nodes:
09/06/26 23:29:58   Node label_data0_1384782888-63_generation_arg_0, HTCondor ID 225715616, status STATUS_SUBMITTED
09/06/26 23:39:58 11410 seconds since last log event
09/06/26 23:39:58 Pending DAG nodes:
09/06/26 23:39:58   Node label_data0_1384782888-63_generation_arg_0, HTCondor ID 225715616, status STATUS_SUBMITTED
09/06/26 23:43:58 Total jobs placed to AP: 1
09/06/26 23:43:58      Idle     Held     Running     Successful     Failed
09/06/26 23:43:58       ===      ===         ===            ===        ===
09/06/26 23:43:58         0        1           0              0          0
09/06/26 23:49:58 12010 seconds since last log event
09/06/26 23:49:58 Pending DAG nodes:
09/06/26 23:49:58   Node label_data0_1384782888-63_generation_arg_0, HTCondor ID 225715616, status STATUS_SUBMITTED
09/06/26 23:58:58 Total jobs placed to AP: 1
09/06/26 23:58:58      Idle     Held     Running     Successful     Failed
09/06/26 23:58:58       ===      ===         ===            ===        ===
09/06/26 23:58:58         0        1           0              0          0
09/06/26 23:59:58 12610 seconds since last log event
09/06/26 23:59:58 Pending DAG nodes:
09/06/26 23:59:58   Node label_data0_1384782888-63_generation_arg_0, HTCondor ID 225715616, status STATUS_SUBMITTED
09/07/26 00:09:59 13211 seconds since last log event
09/07/26 00:09:59 Pending DAG nodes:
09/07/26 00:09:59   Node label_data0_1384782888-63_generation_arg_0, HTCondor ID 225715616, status STATUS_SUBMITTED
09/07/26 00:13:59 Total jobs placed to AP: 1
09/07/26 00:13:59      Idle     Held     Running     Successful     Failed
09/07/26 00:13:59       ===      ===         ===            ===        ===
09/07/26 00:13:59         0        1           0              0          0
09/07/26 00:20:00 13812 seconds since last log event
09/07/26 00:20:00 Pending DAG nodes:
09/07/26 00:20:00   Node label_data0_1384782888-63_generation_arg_0, HTCondor ID 225715616, status STATUS_SUBMITTED
09/07/26 00:29:00 Total jobs placed to AP: 1
09/07/26 00:29:00      Idle     Held     Running     Successful     Failed
09/07/26 00:29:00       ===      ===         ===            ===        ===
09/07/26 00:29:00         0        1           0              0          0
09/07/26 00:30:00 14412 seconds since last log event
09/07/26 00:30:00 Pending DAG nodes:
09/07/26 00:30:00   Node label_data0_1384782888-63_generation_arg_0, HTCondor ID 225715616, status STATUS_SUBMITTED
09/07/26 00:40:01 15013 seconds since last log event
09/07/26 00:40:01 Pending DAG nodes:
09/07/26 00:40:01   Node label_data0_1384782888-63_generation_arg_0, HTCondor ID 225715616, status STATUS_SUBMITTED
09/07/26 00:44:01 Total jobs placed to AP: 1
09/07/26 00:44:01      Idle     Held     Running     Successful     Failed
09/07/26 00:44:01       ===      ===         ===            ===        ===
09/07/26 00:44:01         0        1           0              0          0
09/07/26 00:50:01 15613 seconds since last log event
09/07/26 00:50:01 Pending DAG nodes:
09/07/26 00:50:01   Node label_data0_1384782888-63_generation_arg_0, HTCondor ID 225715616, status STATUS_SUBMITTED
09/07/26 00:59:02 Total jobs placed to AP: 1
09/07/26 00:59:02      Idle     Held     Running     Successful     Failed
09/07/26 00:59:02       ===      ===         ===            ===        ===
09/07/26 00:59:02         0        1           0              0          0
09/07/26 01:00:02 16214 seconds since last log event
09/07/26 01:00:02 Pending DAG nodes:
09/07/26 01:00:02   Node label_data0_1384782888-63_generation_arg_0, HTCondor ID 225715616, status STATUS_SUBMITTED
09/07/26 01:10:03 16815 seconds since last log event
09/07/26 01:10:03 Pending DAG nodes:
09/07/26 01:10:03   Node label_data0_1384782888-63_generation_arg_0, HTCondor ID 225715616, status STATUS_SUBMITTED
09/07/26 01:14:03 Total jobs placed to AP: 1
09/07/26 01:14:03      Idle     Held     Running     Successful     Failed
09/07/26 01:14:03       ===      ===         ===            ===        ===
09/07/26 01:14:03         0        1           0              0          0
09/07/26 01:20:03 17415 seconds since last log event
09/07/26 01:20:03 Pending DAG nodes:
09/07/26 01:20:03   Node label_data0_1384782888-63_generation_arg_0, HTCondor ID 225715616, status STATUS_SUBMITTED
09/07/26 01:29:04 Total jobs placed to AP: 1
09/07/26 01:29:04      Idle     Held     Running     Successful     Failed
09/07/26 01:29:04       ===      ===         ===            ===        ===
09/07/26 01:29:04         0        1           0              0          0
09/07/26 01:30:04 18016 seconds since last log event
09/07/26 01:30:04 Pending DAG nodes:
09/07/26 01:30:04   Node label_data0_1384782888-63_generation_arg_0, HTCondor ID 225715616, status STATUS_SUBMITTED
09/07/26 01:40:04 18616 seconds since last log event
09/07/26 01:40:04 Pending DAG nodes:
09/07/26 01:40:04   Node label_data0_1384782888-63_generation_arg_0, HTCondor ID 225715616, status STATUS_SUBMITTED
09/07/26 01:44:04 Total jobs placed to AP: 1
09/07/26 01:44:04      Idle     Held     Running     Successful     Failed
09/07/26 01:44:04       ===      ===         ===            ===        ===
09/07/26 01:44:04         0        1           0              0          0
09/07/26 01:50:04 19216 seconds since last log event
09/07/26 01:50:04 Pending DAG nodes:
09/07/26 01:50:04   Node label_data0_1384782888-63_generation_arg_0, HTCondor ID 225715616, status STATUS_SUBMITTED
09/07/26 01:59:04 Total jobs placed to AP: 1
09/07/26 01:59:04      Idle     Held     Running     Successful     Failed
09/07/26 01:59:04       ===      ===         ===            ===        ===
09/07/26 01:59:04         0        1           0              0          0
09/07/26 02:00:04 19816 seconds since last log event
09/07/26 02:00:04 Pending DAG nodes:
09/07/26 02:00:04   Node label_data0_1384782888-63_generation_arg_0, HTCondor ID 225715616, status STATUS_SUBMITTED
09/07/26 02:10:04 20416 seconds since last log event
09/07/26 02:10:04 Pending DAG nodes:
09/07/26 02:10:04   Node label_data0_1384782888-63_generation_arg_0, HTCondor ID 225715616, status STATUS_SUBMITTED
09/07/26 02:14:04 Total jobs placed to AP: 1
09/07/26 02:14:04      Idle     Held     Running     Successful     Failed
09/07/26 02:14:04       ===      ===         ===            ===        ===
09/07/26 02:14:04         0        1           0              0          0
09/07/26 02:20:04 21016 seconds since last log event
09/07/26 02:20:04 Pending DAG nodes:
09/07/26 02:20:04   Node label_data0_1384782888-63_generation_arg_0, HTCondor ID 225715616, status STATUS_SUBMITTED
09/07/26 02:29:04 Total jobs placed to AP: 1
09/07/26 02:29:04      Idle     Held     Running     Successful     Failed
09/07/26 02:29:04       ===      ===         ===            ===        ===
09/07/26 02:29:04         0        1           0              0          0
09/07/26 02:30:04 21616 seconds since last log event
09/07/26 02:30:04 Pending DAG nodes:
09/07/26 02:30:04   Node label_data0_1384782888-63_generation_arg_0, HTCondor ID 225715616, status STATUS_SUBMITTED
09/07/26 02:40:04 22216 seconds since last log event
09/07/26 02:40:04 Pending DAG nodes:
09/07/26 02:40:04   Node label_data0_1384782888-63_generation_arg_0, HTCondor ID 225715616, status STATUS_SUBMITTED
09/07/26 02:44:04 Total jobs placed to AP: 1
09/07/26 02:44:04      Idle     Held     Running     Successful     Failed
09/07/26 02:44:04       ===      ===         ===            ===        ===
09/07/26 02:44:04         0        1           0              0          0
09/07/26 02:50:04 22816 seconds since last log event
09/07/26 02:50:04 Pending DAG nodes:
09/07/26 02:50:04   Node label_data0_1384782888-63_generation_arg_0, HTCondor ID 225715616, status STATUS_SUBMITTED
09/07/26 02:59:04 Total jobs placed to AP: 1
09/07/26 02:59:04      Idle     Held     Running     Successful     Failed
09/07/26 02:59:04       ===      ===         ===            ===        ===
09/07/26 02:59:04         0        1           0              0          0
09/07/26 03:00:04 23416 seconds since last log event
09/07/26 03:00:04 Pending DAG nodes:
09/07/26 03:00:04   Node label_data0_1384782888-63_generation_arg_0, HTCondor ID 225715616, status STATUS_SUBMITTED
09/07/26 03:10:04 24016 seconds since last log event
09/07/26 03:10:04 Pending DAG nodes:
09/07/26 03:10:04   Node label_data0_1384782888-63_generation_arg_0, HTCondor ID 225715616, status STATUS_SUBMITTED
09/07/26 03:14:04 Total jobs placed to AP: 1
09/07/26 03:14:04      Idle     Held     Running     Successful     Failed
09/07/26 03:14:04       ===      ===         ===            ===        ===
09/07/26 03:14:04         0        1           0              0          0
09/07/26 03:20:04 24616 seconds since last log event
09/07/26 03:20:04 Pending DAG nodes:
09/07/26 03:20:04   Node label_data0_1384782888-63_generation_arg_0, HTCondor ID 225715616, status STATUS_SUBMITTED
09/07/26 03:29:04 Total jobs placed to AP: 1
09/07/26 03:29:04      Idle     Held     Running     Successful     Failed
09/07/26 03:29:04       ===      ===         ===            ===        ===
09/07/26 03:29:04         0        1           0              0          0
09/07/26 03:30:04 25216 seconds since last log event
09/07/26 03:30:04 Pending DAG nodes:
09/07/26 03:30:04   Node label_data0_1384782888-63_generation_arg_0, HTCondor ID 225715616, status STATUS_SUBMITTED
09/07/26 03:40:05 25817 seconds since last log event
09/07/26 03:40:05 Pending DAG nodes:
09/07/26 03:40:05   Node label_data0_1384782888-63_generation_arg_0, HTCondor ID 225715616, status STATUS_SUBMITTED
09/07/26 03:44:05 Total jobs placed to AP: 1
09/07/26 03:44:05      Idle     Held     Running     Successful     Failed
09/07/26 03:44:05       ===      ===         ===            ===        ===
09/07/26 03:44:05         0        1           0              0          0
09/07/26 03:50:05 26417 seconds since last log event
09/07/26 03:50:05 Pending DAG nodes:
09/07/26 03:50:05   Node label_data0_1384782888-63_generation_arg_0, HTCondor ID 225715616, status STATUS_SUBMITTED
09/07/26 03:59:05 Total jobs placed to AP: 1
09/07/26 03:59:05      Idle     Held     Running     Successful     Failed
09/07/26 03:59:05       ===      ===         ===            ===        ===
09/07/26 03:59:05         0        1           0              0          0
09/07/26 04:00:05 27017 seconds since last log event
09/07/26 04:00:05 Pending DAG nodes:
09/07/26 04:00:05   Node label_data0_1384782888-63_generation_arg_0, HTCondor ID 225715616, status STATUS_SUBMITTED
09/07/26 04:10:06 27618 seconds since last log event
09/07/26 04:10:06 Pending DAG nodes:
09/07/26 04:10:06   Node label_data0_1384782888-63_generation_arg_0, HTCondor ID 225715616, status STATUS_SUBMITTED
09/07/26 04:14:06 Total jobs placed to AP: 1
09/07/26 04:14:06      Idle     Held     Running     Successful     Failed
09/07/26 04:14:06       ===      ===         ===            ===        ===
09/07/26 04:14:06         0        1           0              0          0
09/07/26 04:20:06 28218 seconds since last log event
09/07/26 04:20:06 Pending DAG nodes:
09/07/26 04:20:06   Node label_data0_1384782888-63_generation_arg_0, HTCondor ID 225715616, status STATUS_SUBMITTED
09/07/26 04:29:06 Total jobs placed to AP: 1
09/07/26 04:29:06      Idle     Held     Running     Successful     Failed
09/07/26 04:29:06       ===      ===         ===            ===        ===
09/07/26 04:29:06         0        1           0              0          0
09/07/26 04:30:06 28818 seconds since last log event
09/07/26 04:30:06 Pending DAG nodes:
09/07/26 04:30:06   Node label_data0_1384782888-63_generation_arg_0, HTCondor ID 225715616, status STATUS_SUBMITTED
09/07/26 04:30:06 Querying local schedd for associated jobs in queue
09/07/26 04:30:06 All pending job states validated
09/07/26 04:40:07 29419 seconds since last log event
09/07/26 04:40:07 Pending DAG nodes:
09/07/26 04:40:07   Node label_data0_1384782888-63_generation_arg_0, HTCondor ID 225715616, status STATUS_SUBMITTED
09/07/26 04:44:07 Total jobs placed to AP: 1
09/07/26 04:44:07      Idle     Held     Running     Successful     Failed
09/07/26 04:44:07       ===      ===         ===            ===        ===
09/07/26 04:44:07         0        1           0              0          0
09/07/26 04:50:07 30019 seconds since last log event
09/07/26 04:50:07 Pending DAG nodes:
09/07/26 04:50:07   Node label_data0_1384782888-63_generation_arg_0, HTCondor ID 225715616, status STATUS_SUBMITTED
09/07/26 04:59:08 Total jobs placed to AP: 1
09/07/26 04:59:08      Idle     Held     Running     Successful     Failed
09/07/26 04:59:08       ===      ===         ===            ===        ===
09/07/26 04:59:08         0        1           0              0          0
09/07/26 05:00:08 30620 seconds since last log event
09/07/26 05:00:08 Pending DAG nodes:
09/07/26 05:00:08   Node label_data0_1384782888-63_generation_arg_0, HTCondor ID 225715616, status STATUS_SUBMITTED
09/07/26 05:10:08 31220 seconds since last log event
09/07/26 05:10:08 Pending DAG nodes:
09/07/26 05:10:08   Node label_data0_1384782888-63_generation_arg_0, HTCondor ID 225715616, status STATUS_SUBMITTED
09/07/26 05:14:08 Total jobs placed to AP: 1
09/07/26 05:14:08      Idle     Held     Running     Successful     Failed
09/07/26 05:14:08       ===      ===         ===            ===        ===
09/07/26 05:14:08         0        1           0              0          0
09/07/26 05:20:08 31820 seconds since last log event
09/07/26 05:20:08 Pending DAG nodes:
09/07/26 05:20:08   Node label_data0_1384782888-63_generation_arg_0, HTCondor ID 225715616, status STATUS_SUBMITTED
09/07/26 05:29:08 Total jobs placed to AP: 1
09/07/26 05:29:08      Idle     Held     Running     Successful     Failed
09/07/26 05:29:08       ===      ===         ===            ===        ===
09/07/26 05:29:08         0        1           0              0          0
09/07/26 05:30:08 32420 seconds since last log event
09/07/26 05:30:08 Pending DAG nodes:
09/07/26 05:30:08   Node label_data0_1384782888-63_generation_arg_0, HTCondor ID 225715616, status STATUS_SUBMITTED
09/07/26 05:40:09 33021 seconds since last log event
09/07/26 05:40:09 Pending DAG nodes:
09/07/26 05:40:09   Node label_data0_1384782888-63_generation_arg_0, HTCondor ID 225715616, status STATUS_SUBMITTED
09/07/26 05:44:09 Total jobs placed to AP: 1
09/07/26 05:44:09      Idle     Held     Running     Successful     Failed
09/07/26 05:44:09       ===      ===         ===            ===        ===
09/07/26 05:44:09         0        1           0              0          0
09/07/26 05:50:09 33621 seconds since last log event
09/07/26 05:50:09 Pending DAG nodes:
09/07/26 05:50:09   Node label_data0_1384782888-63_generation_arg_0, HTCondor ID 225715616, status STATUS_SUBMITTED
09/07/26 05:59:09 Total jobs placed to AP: 1
09/07/26 05:59:09      Idle     Held     Running     Successful     Failed
09/07/26 05:59:09       ===      ===         ===            ===        ===
09/07/26 05:59:09         0        1           0              0          0
09/07/26 06:00:09 34221 seconds since last log event
09/07/26 06:00:09 Pending DAG nodes:
09/07/26 06:00:09   Node label_data0_1384782888-63_generation_arg_0, HTCondor ID 225715616, status STATUS_SUBMITTED
09/07/26 06:10:09 34821 seconds since last log event
09/07/26 06:10:09 Pending DAG nodes:
09/07/26 06:10:09   Node label_data0_1384782888-63_generation_arg_0, HTCondor ID 225715616, status STATUS_SUBMITTED
09/07/26 06:14:09 Total jobs placed to AP: 1
09/07/26 06:14:09      Idle     Held     Running     Successful     Failed
09/07/26 06:14:09       ===      ===         ===            ===        ===
09/07/26 06:14:09         0        1           0              0          0
09/07/26 06:20:09 35421 seconds since last log event
09/07/26 06:20:09 Pending DAG nodes:
09/07/26 06:20:09   Node label_data0_1384782888-63_generation_arg_0, HTCondor ID 225715616, status STATUS_SUBMITTED
09/07/26 06:29:09 Total jobs placed to AP: 1
09/07/26 06:29:09      Idle     Held     Running     Successful     Failed
09/07/26 06:29:09       ===      ===         ===            ===        ===
09/07/26 06:29:09         0        1           0              0          0
09/07/26 06:30:09 36021 seconds since last log event
09/07/26 06:30:09 Pending DAG nodes:
09/07/26 06:30:09   Node label_data0_1384782888-63_generation_arg_0, HTCondor ID 225715616, status STATUS_SUBMITTED
09/07/26 06:40:10 36622 seconds since last log event
09/07/26 06:40:10 Pending DAG nodes:
09/07/26 06:40:10   Node label_data0_1384782888-63_generation_arg_0, HTCondor ID 225715616, status STATUS_SUBMITTED
09/07/26 06:44:10 Total jobs placed to AP: 1
09/07/26 06:44:10      Idle     Held     Running     Successful     Failed
09/07/26 06:44:10       ===      ===         ===            ===        ===
09/07/26 06:44:10         0        1           0              0          0
09/07/26 06:50:10 37222 seconds since last log event
09/07/26 06:50:10 Pending DAG nodes:
09/07/26 06:50:10   Node label_data0_1384782888-63_generation_arg_0, HTCondor ID 225715616, status STATUS_SUBMITTED
09/07/26 06:59:10 Total jobs placed to AP: 1
09/07/26 06:59:10      Idle     Held     Running     Successful     Failed
09/07/26 06:59:10       ===      ===         ===            ===        ===
09/07/26 06:59:10         0        1           0              0          0
09/07/26 07:00:10 37822 seconds since last log event
09/07/26 07:00:10 Pending DAG nodes:
09/07/26 07:00:10   Node label_data0_1384782888-63_generation_arg_0, HTCondor ID 225715616, status STATUS_SUBMITTED
09/07/26 07:10:10 38422 seconds since last log event
09/07/26 07:10:10 Pending DAG nodes:
09/07/26 07:10:10   Node label_data0_1384782888-63_generation_arg_0, HTCondor ID 225715616, status STATUS_SUBMITTED
09/07/26 07:14:10 Total jobs placed to AP: 1
09/07/26 07:14:10      Idle     Held     Running     Successful     Failed
09/07/26 07:14:10       ===      ===         ===            ===        ===
09/07/26 07:14:10         0        1           0              0          0
09/07/26 07:20:10 39022 seconds since last log event
09/07/26 07:20:10 Pending DAG nodes:
09/07/26 07:20:10   Node label_data0_1384782888-63_generation_arg_0, HTCondor ID 225715616, status STATUS_SUBMITTED
09/07/26 07:29:11 Total jobs placed to AP: 1
09/07/26 07:29:11      Idle     Held     Running     Successful     Failed
09/07/26 07:29:11       ===      ===         ===            ===        ===
09/07/26 07:29:11         0        1           0              0          0
09/07/26 07:30:11 39623 seconds since last log event
09/07/26 07:30:11 Pending DAG nodes:
09/07/26 07:30:11   Node label_data0_1384782888-63_generation_arg_0, HTCondor ID 225715616, status STATUS_SUBMITTED
09/07/26 07:40:12 40224 seconds since last log event
09/07/26 07:40:12 Pending DAG nodes:
09/07/26 07:40:12   Node label_data0_1384782888-63_generation_arg_0, HTCondor ID 225715616, status STATUS_SUBMITTED
09/07/26 07:44:12 Total jobs placed to AP: 1
09/07/26 07:44:12      Idle     Held     Running     Successful     Failed
09/07/26 07:44:12       ===      ===         ===            ===        ===
09/07/26 07:44:12         0        1           0              0          0
09/07/26 07:50:12 40824 seconds since last log event
09/07/26 07:50:12 Pending DAG nodes:
09/07/26 07:50:12   Node label_data0_1384782888-63_generation_arg_0, HTCondor ID 225715616, status STATUS_SUBMITTED
09/07/26 07:59:13 Total jobs placed to AP: 1
09/07/26 07:59:13      Idle     Held     Running     Successful     Failed
09/07/26 07:59:13       ===      ===         ===            ===        ===
09/07/26 07:59:13         0        1           0              0          0
09/07/26 08:00:13 41425 seconds since last log event
09/07/26 08:00:13 Pending DAG nodes:
09/07/26 08:00:13   Node label_data0_1384782888-63_generation_arg_0, HTCondor ID 225715616, status STATUS_SUBMITTED
09/07/26 08:10:13 42025 seconds since last log event
09/07/26 08:10:13 Pending DAG nodes:
09/07/26 08:10:13   Node label_data0_1384782888-63_generation_arg_0, HTCondor ID 225715616, status STATUS_SUBMITTED
09/07/26 08:14:13 Total jobs placed to AP: 1
09/07/26 08:14:13      Idle     Held     Running     Successful     Failed
09/07/26 08:14:13       ===      ===         ===            ===        ===
09/07/26 08:14:13         0        1           0              0          0
09/07/26 08:20:13 42625 seconds since last log event
09/07/26 08:20:13 Pending DAG nodes:
09/07/26 08:20:13   Node label_data0_1384782888-63_generation_arg_0, HTCondor ID 225715616, status STATUS_SUBMITTED
09/07/26 08:29:13 Total jobs placed to AP: 1
09/07/26 08:29:13      Idle     Held     Running     Successful     Failed
09/07/26 08:29:13       ===      ===         ===            ===        ===
09/07/26 08:29:13         0        1           0              0          0
09/07/26 08:30:13 43225 seconds since last log event
09/07/26 08:30:13 Pending DAG nodes:
09/07/26 08:30:13   Node label_data0_1384782888-63_generation_arg_0, HTCondor ID 225715616, status STATUS_SUBMITTED
09/07/26 08:40:14 43826 seconds since last log event
09/07/26 08:40:14 Pending DAG nodes:
09/07/26 08:40:14   Node label_data0_1384782888-63_generation_arg_0, HTCondor ID 225715616, status STATUS_SUBMITTED
09/07/26 08:44:14 Total jobs placed to AP: 1
09/07/26 08:44:14      Idle     Held     Running     Successful     Failed
09/07/26 08:44:14       ===      ===         ===            ===        ===
09/07/26 08:44:14         0        1           0              0          0
09/07/26 08:50:15 44427 seconds since last log event
09/07/26 08:50:15 Pending DAG nodes:
09/07/26 08:50:15   Node label_data0_1384782888-63_generation_arg_0, HTCondor ID 225715616, status STATUS_SUBMITTED
09/07/26 08:59:15 Total jobs placed to AP: 1
09/07/26 08:59:15      Idle     Held     Running     Successful     Failed
09/07/26 08:59:15       ===      ===         ===            ===        ===
09/07/26 08:59:15         0        1           0              0          0
09/07/26 09:00:15 45027 seconds since last log event
09/07/26 09:00:15 Pending DAG nodes:
09/07/26 09:00:15   Node label_data0_1384782888-63_generation_arg_0, HTCondor ID 225715616, status STATUS_SUBMITTED
09/07/26 09:10:15 45627 seconds since last log event
09/07/26 09:10:15 Pending DAG nodes:
09/07/26 09:10:15   Node label_data0_1384782888-63_generation_arg_0, HTCondor ID 225715616, status STATUS_SUBMITTED
09/07/26 09:14:15 Total jobs placed to AP: 1
09/07/26 09:14:15      Idle     Held     Running     Successful     Failed
09/07/26 09:14:15       ===      ===         ===            ===        ===
09/07/26 09:14:15         0        1           0              0          0
09/07/26 09:20:15 46227 seconds since last log event
09/07/26 09:20:15 Pending DAG nodes:
09/07/26 09:20:15   Node label_data0_1384782888-63_generation_arg_0, HTCondor ID 225715616, status STATUS_SUBMITTED
09/07/26 09:29:15 Total jobs placed to AP: 1
09/07/26 09:29:15      Idle     Held     Running     Successful     Failed
09/07/26 09:29:15       ===      ===         ===            ===        ===
09/07/26 09:29:15         0        1           0              0          0
09/07/26 09:30:15 46827 seconds since last log event
09/07/26 09:30:15 Pending DAG nodes:
09/07/26 09:30:15   Node label_data0_1384782888-63_generation_arg_0, HTCondor ID 225715616, status STATUS_SUBMITTED
09/07/26 09:40:15 47427 seconds since last log event
09/07/26 09:40:15 Pending DAG nodes:
09/07/26 09:40:15   Node label_data0_1384782888-63_generation_arg_0, HTCondor ID 225715616, status STATUS_SUBMITTED
09/07/26 09:44:15 Total jobs placed to AP: 1
09/07/26 09:44:15      Idle     Held     Running     Successful     Failed
09/07/26 09:44:15       ===      ===         ===            ===        ===
09/07/26 09:44:15         0        1           0              0          0
09/07/26 09:50:15 48027 seconds since last log event
09/07/26 09:50:15 Pending DAG nodes:
09/07/26 09:50:15   Node label_data0_1384782888-63_generation_arg_0, HTCondor ID 225715616, status STATUS_SUBMITTED
09/07/26 09:59:15 Total jobs placed to AP: 1
09/07/26 09:59:15      Idle     Held     Running     Successful     Failed
09/07/26 09:59:15       ===      ===         ===            ===        ===
09/07/26 09:59:15         0        1           0              0          0
09/07/26 10:00:15 48627 seconds since last log event
09/07/26 10:00:15 Pending DAG nodes:
09/07/26 10:00:15   Node label_data0_1384782888-63_generation_arg_0, HTCondor ID 225715616, status STATUS_SUBMITTED
09/07/26 10:10:15 49227 seconds since last log event
09/07/26 10:10:15 Pending DAG nodes:
09/07/26 10:10:15   Node label_data0_1384782888-63_generation_arg_0, HTCondor ID 225715616, status STATUS_SUBMITTED
09/07/26 10:14:15 Total jobs placed to AP: 1
09/07/26 10:14:15      Idle     Held     Running     Successful     Failed
09/07/26 10:14:15       ===      ===         ===            ===        ===
09/07/26 10:14:15         0        1           0              0          0
09/07/26 10:20:15 49827 seconds since last log event
09/07/26 10:20:15 Pending DAG nodes:
09/07/26 10:20:15   Node label_data0_1384782888-63_generation_arg_0, HTCondor ID 225715616, status STATUS_SUBMITTED
09/07/26 10:29:16 Total jobs placed to AP: 1
09/07/26 10:29:16      Idle     Held     Running     Successful     Failed
09/07/26 10:29:16       ===      ===         ===            ===        ===
09/07/26 10:29:16         0        1           0              0          0
09/07/26 10:30:16 50428 seconds since last log event
09/07/26 10:30:16 Pending DAG nodes:
09/07/26 10:30:16   Node label_data0_1384782888-63_generation_arg_0, HTCondor ID 225715616, status STATUS_SUBMITTED
09/07/26 10:40:17 51029 seconds since last log event
09/07/26 10:40:17 Pending DAG nodes:
09/07/26 10:40:17   Node label_data0_1384782888-63_generation_arg_0, HTCondor ID 225715616, status STATUS_SUBMITTED
09/07/26 10:44:17 Total jobs placed to AP: 1
09/07/26 10:44:17      Idle     Held     Running     Successful     Failed
09/07/26 10:44:17       ===      ===         ===            ===        ===
09/07/26 10:44:17         0        1           0              0          0
09/07/26 10:50:43 51655 seconds since last log event
09/07/26 10:50:43 Pending DAG nodes:
09/07/26 10:50:43   Node label_data0_1384782888-63_generation_arg_0, HTCondor ID 225715616, status STATUS_SUBMITTED
09/07/26 10:59:43 Total jobs placed to AP: 1
09/07/26 10:59:43      Idle     Held     Running     Successful     Failed
09/07/26 10:59:43       ===      ===         ===            ===        ===
09/07/26 10:59:43         0        1           0              0          0
09/07/26 11:00:43 52255 seconds since last log event
09/07/26 11:00:43 Pending DAG nodes:
09/07/26 11:00:43   Node label_data0_1384782888-63_generation_arg_0, HTCondor ID 225715616, status STATUS_SUBMITTED
09/07/26 11:10:43 52855 seconds since last log event
09/07/26 11:10:43 Pending DAG nodes:
09/07/26 11:10:43   Node label_data0_1384782888-63_generation_arg_0, HTCondor ID 225715616, status STATUS_SUBMITTED
09/07/26 11:14:43 Total jobs placed to AP: 1
09/07/26 11:14:43      Idle     Held     Running     Successful     Failed
09/07/26 11:14:43       ===      ===         ===            ===        ===
09/07/26 11:14:43         0        1           0              0          0
09/07/26 11:20:44 53456 seconds since last log event
09/07/26 11:20:44 Pending DAG nodes:
09/07/26 11:20:44   Node label_data0_1384782888-63_generation_arg_0, HTCondor ID 225715616, status STATUS_SUBMITTED
09/07/26 11:29:44 Total jobs placed to AP: 1
09/07/26 11:29:44      Idle     Held     Running     Successful     Failed
09/07/26 11:29:44       ===      ===         ===            ===        ===
09/07/26 11:29:44         0        1           0              0          0
09/07/26 11:30:44 54056 seconds since last log event
09/07/26 11:30:44 Pending DAG nodes:
09/07/26 11:30:44   Node label_data0_1384782888-63_generation_arg_0, HTCondor ID 225715616, status STATUS_SUBMITTED
09/07/26 11:40:44 54656 seconds since last log event
09/07/26 11:40:44 Pending DAG nodes:
09/07/26 11:40:44   Node label_data0_1384782888-63_generation_arg_0, HTCondor ID 225715616, status STATUS_SUBMITTED
09/07/26 11:44:44 Total jobs placed to AP: 1
09/07/26 11:44:44      Idle     Held     Running     Successful     Failed
09/07/26 11:44:44       ===      ===         ===            ===        ===
09/07/26 11:44:44         0        1           0              0          0
09/07/26 11:50:44 55256 seconds since last log event
09/07/26 11:50:44 Pending DAG nodes:
09/07/26 11:50:44   Node label_data0_1384782888-63_generation_arg_0, HTCondor ID 225715616, status STATUS_SUBMITTED
09/07/26 11:59:45 Total jobs placed to AP: 1
09/07/26 11:59:45      Idle     Held     Running     Successful     Failed
09/07/26 11:59:45       ===      ===         ===            ===        ===
09/07/26 11:59:45         0        1           0              0          0
09/07/26 12:00:45 55857 seconds since last log event
09/07/26 12:00:45 Pending DAG nodes:
09/07/26 12:00:45   Node label_data0_1384782888-63_generation_arg_0, HTCondor ID 225715616, status STATUS_SUBMITTED
09/07/26 12:10:45 56457 seconds since last log event
09/07/26 12:10:45 Pending DAG nodes:
09/07/26 12:10:45   Node label_data0_1384782888-63_generation_arg_0, HTCondor ID 225715616, status STATUS_SUBMITTED
09/07/26 12:14:45 Total jobs placed to AP: 1
09/07/26 12:14:45      Idle     Held     Running     Successful     Failed
09/07/26 12:14:45       ===      ===         ===            ===        ===
09/07/26 12:14:45         0        1           0              0          0
09/07/26 12:20:45 57057 seconds since last log event
09/07/26 12:20:45 Pending DAG nodes:
09/07/26 12:20:45   Node label_data0_1384782888-63_generation_arg_0, HTCondor ID 225715616, status STATUS_SUBMITTED
09/07/26 12:29:46 Total jobs placed to AP: 1
09/07/26 12:29:46      Idle     Held     Running     Successful     Failed
09/07/26 12:29:46       ===      ===         ===            ===        ===
09/07/26 12:29:46         0        1           0              0          0
09/07/26 12:30:46 57658 seconds since last log event
09/07/26 12:30:46 Pending DAG nodes:
09/07/26 12:30:46   Node label_data0_1384782888-63_generation_arg_0, HTCondor ID 225715616, status STATUS_SUBMITTED
09/07/26 12:40:46 58258 seconds since last log event
09/07/26 12:40:46 Pending DAG nodes:
09/07/26 12:40:46   Node label_data0_1384782888-63_generation_arg_0, HTCondor ID 225715616, status STATUS_SUBMITTED
09/07/26 12:44:46 Total jobs placed to AP: 1
09/07/26 12:44:46      Idle     Held     Running     Successful     Failed
09/07/26 12:44:46       ===      ===         ===            ===        ===
09/07/26 12:44:46         0        1           0              0          0
09/07/26 12:50:46 58858 seconds since last log event
09/07/26 12:50:46 Pending DAG nodes:
09/07/26 12:50:46   Node label_data0_1384782888-63_generation_arg_0, HTCondor ID 225715616, status STATUS_SUBMITTED
09/07/26 12:59:47 Total jobs placed to AP: 1
09/07/26 12:59:47      Idle     Held     Running     Successful     Failed
09/07/26 12:59:47       ===      ===         ===            ===        ===
09/07/26 12:59:47         0        1           0              0          0
09/07/26 13:00:47 59459 seconds since last log event
09/07/26 13:00:47 Pending DAG nodes:
09/07/26 13:00:47   Node label_data0_1384782888-63_generation_arg_0, HTCondor ID 225715616, status STATUS_SUBMITTED
09/07/26 13:10:47 60059 seconds since last log event
09/07/26 13:10:47 Pending DAG nodes:
09/07/26 13:10:47   Node label_data0_1384782888-63_generation_arg_0, HTCondor ID 225715616, status STATUS_SUBMITTED
09/07/26 13:14:47 Total jobs placed to AP: 1
09/07/26 13:14:47      Idle     Held     Running     Successful     Failed
09/07/26 13:14:47       ===      ===         ===            ===        ===
09/07/26 13:14:47         0        1           0              0          0
09/07/26 13:20:47 60659 seconds since last log event
09/07/26 13:20:47 Pending DAG nodes:
09/07/26 13:20:47   Node label_data0_1384782888-63_generation_arg_0, HTCondor ID 225715616, status STATUS_SUBMITTED
09/07/26 13:29:47 Total jobs placed to AP: 1
09/07/26 13:29:47      Idle     Held     Running     Successful     Failed
09/07/26 13:29:47       ===      ===         ===            ===        ===
09/07/26 13:29:47         0        1           0              0          0
09/07/26 13:30:47 61259 seconds since last log event
09/07/26 13:30:47 Pending DAG nodes:
09/07/26 13:30:47   Node label_data0_1384782888-63_generation_arg_0, HTCondor ID 225715616, status STATUS_SUBMITTED
09/07/26 13:40:47 61859 seconds since last log event
09/07/26 13:40:47 Pending DAG nodes:
09/07/26 13:40:47   Node label_data0_1384782888-63_generation_arg_0, HTCondor ID 225715616, status STATUS_SUBMITTED
09/07/26 13:44:47 Total jobs placed to AP: 1
09/07/26 13:44:47      Idle     Held     Running     Successful     Failed
09/07/26 13:44:47       ===      ===         ===            ===        ===
09/07/26 13:44:47         0        1           0              0          0
09/07/26 13:50:47 62459 seconds since last log event
09/07/26 13:50:47 Pending DAG nodes:
09/07/26 13:50:47   Node label_data0_1384782888-63_generation_arg_0, HTCondor ID 225715616, status STATUS_SUBMITTED
09/07/26 13:59:48 Total jobs placed to AP: 1
09/07/26 13:59:48      Idle     Held     Running     Successful     Failed
09/07/26 13:59:48       ===      ===         ===            ===        ===
09/07/26 13:59:48         0        1           0              0          0
09/07/26 14:00:48 63060 seconds since last log event
09/07/26 14:00:48 Pending DAG nodes:
09/07/26 14:00:48   Node label_data0_1384782888-63_generation_arg_0, HTCondor ID 225715616, status STATUS_SUBMITTED
09/07/26 14:10:48 63660 seconds since last log event
09/07/26 14:10:48 Pending DAG nodes:
09/07/26 14:10:48   Node label_data0_1384782888-63_generation_arg_0, HTCondor ID 225715616, status STATUS_SUBMITTED
09/07/26 14:14:48 Total jobs placed to AP: 1
09/07/26 14:14:48      Idle     Held     Running     Successful     Failed
09/07/26 14:14:48       ===      ===         ===            ===        ===
09/07/26 14:14:48         0        1           0              0          0
09/07/26 14:20:48 64260 seconds since last log event
09/07/26 14:20:48 Pending DAG nodes:
09/07/26 14:20:48   Node label_data0_1384782888-63_generation_arg_0, HTCondor ID 225715616, status STATUS_SUBMITTED
09/07/26 14:29:48 Total jobs placed to AP: 1
09/07/26 14:29:48      Idle     Held     Running     Successful     Failed
09/07/26 14:29:48       ===      ===         ===            ===        ===
09/07/26 14:29:48         0        1           0              0          0
09/07/26 14:30:48 64860 seconds since last log event
09/07/26 14:30:48 Pending DAG nodes:
09/07/26 14:30:48   Node label_data0_1384782888-63_generation_arg_0, HTCondor ID 225715616, status STATUS_SUBMITTED
09/07/26 14:40:48 65460 seconds since last log event
09/07/26 14:40:48 Pending DAG nodes:
09/07/26 14:40:48   Node label_data0_1384782888-63_generation_arg_0, HTCondor ID 225715616, status STATUS_SUBMITTED
09/07/26 14:44:48 Total jobs placed to AP: 1
09/07/26 14:44:48      Idle     Held     Running     Successful     Failed
09/07/26 14:44:48       ===      ===         ===            ===        ===
09/07/26 14:44:48         0        1           0              0          0
09/07/26 14:50:48 66060 seconds since last log event
09/07/26 14:50:48 Pending DAG nodes:
09/07/26 14:50:48   Node label_data0_1384782888-63_generation_arg_0, HTCondor ID 225715616, status STATUS_SUBMITTED
09/07/26 14:59:48 Total jobs placed to AP: 1
09/07/26 14:59:48      Idle     Held     Running     Successful     Failed
09/07/26 14:59:48       ===      ===         ===            ===        ===
09/07/26 14:59:48         0        1           0              0          0
09/07/26 15:00:48 66660 seconds since last log event
09/07/26 15:00:48 Pending DAG nodes:
09/07/26 15:00:48   Node label_data0_1384782888-63_generation_arg_0, HTCondor ID 225715616, status STATUS_SUBMITTED
09/07/26 15:10:49 67261 seconds since last log event
09/07/26 15:10:49 Pending DAG nodes:
09/07/26 15:10:49   Node label_data0_1384782888-63_generation_arg_0, HTCondor ID 225715616, status STATUS_SUBMITTED
09/07/26 15:14:49 Total jobs placed to AP: 1
09/07/26 15:14:49      Idle     Held     Running     Successful     Failed
09/07/26 15:14:49       ===      ===         ===            ===        ===
09/07/26 15:14:49         0        1           0              0          0
09/07/26 15:20:50 67862 seconds since last log event
09/07/26 15:20:50 Pending DAG nodes:
09/07/26 15:20:50   Node label_data0_1384782888-63_generation_arg_0, HTCondor ID 225715616, status STATUS_SUBMITTED
09/07/26 15:29:50 Total jobs placed to AP: 1
09/07/26 15:29:50      Idle     Held     Running     Successful     Failed
09/07/26 15:29:50       ===      ===         ===            ===        ===
09/07/26 15:29:50         0        1           0              0          0
09/07/26 15:30:50 68462 seconds since last log event
09/07/26 15:30:50 Pending DAG nodes:
09/07/26 15:30:50   Node label_data0_1384782888-63_generation_arg_0, HTCondor ID 225715616, status STATUS_SUBMITTED
09/07/26 15:40:50 69062 seconds since last log event
09/07/26 15:40:50 Pending DAG nodes:
09/07/26 15:40:50   Node label_data0_1384782888-63_generation_arg_0, HTCondor ID 225715616, status STATUS_SUBMITTED
09/07/26 15:44:50 Total jobs placed to AP: 1
09/07/26 15:44:50      Idle     Held     Running     Successful     Failed
09/07/26 15:44:50       ===      ===         ===            ===        ===
09/07/26 15:44:50         0        1           0              0          0
09/07/26 15:50:50 69662 seconds since last log event
09/07/26 15:50:50 Pending DAG nodes:
09/07/26 15:50:50   Node label_data0_1384782888-63_generation_arg_0, HTCondor ID 225715616, status STATUS_SUBMITTED
09/07/26 15:59:50 Total jobs placed to AP: 1
09/07/26 15:59:50      Idle     Held     Running     Successful     Failed
09/07/26 15:59:50       ===      ===         ===            ===        ===
09/07/26 15:59:50         0        1           0              0          0
09/07/26 16:00:50 70262 seconds since last log event
09/07/26 16:00:50 Pending DAG nodes:
09/07/26 16:00:50   Node label_data0_1384782888-63_generation_arg_0, HTCondor ID 225715616, status STATUS_SUBMITTED
09/07/26 16:10:51 70863 seconds since last log event
09/07/26 16:10:51 Pending DAG nodes:
09/07/26 16:10:51   Node label_data0_1384782888-63_generation_arg_0, HTCondor ID 225715616, status STATUS_SUBMITTED
09/07/26 16:14:51 Total jobs placed to AP: 1
09/07/26 16:14:51      Idle     Held     Running     Successful     Failed
09/07/26 16:14:51       ===      ===         ===            ===        ===
09/07/26 16:14:51         0        1           0              0          0
09/07/26 16:20:51 71463 seconds since last log event
09/07/26 16:20:51 Pending DAG nodes:
09/07/26 16:20:51   Node label_data0_1384782888-63_generation_arg_0, HTCondor ID 225715616, status STATUS_SUBMITTED
09/07/26 16:29:52 Total jobs placed to AP: 1
09/07/26 16:29:52      Idle     Held     Running     Successful     Failed
09/07/26 16:29:52       ===      ===         ===            ===        ===
09/07/26 16:29:52         0        1           0              0          0
09/07/26 16:30:52 72064 seconds since last log event
09/07/26 16:30:52 Pending DAG nodes:
09/07/26 16:30:52   Node label_data0_1384782888-63_generation_arg_0, HTCondor ID 225715616, status STATUS_SUBMITTED
09/07/26 16:40:52 72664 seconds since last log event
09/07/26 16:40:52 Pending DAG nodes:
09/07/26 16:40:52   Node label_data0_1384782888-63_generation_arg_0, HTCondor ID 225715616, status STATUS_SUBMITTED
09/07/26 16:44:52 Total jobs placed to AP: 1
09/07/26 16:44:52      Idle     Held     Running     Successful     Failed
09/07/26 16:44:52       ===      ===         ===            ===        ===
09/07/26 16:44:52         0        1           0              0          0
09/07/26 16:50:52 73264 seconds since last log event
09/07/26 16:50:52 Pending DAG nodes:
09/07/26 16:50:52   Node label_data0_1384782888-63_generation_arg_0, HTCondor ID 225715616, status STATUS_SUBMITTED
09/07/26 16:59:52 Total jobs placed to AP: 1
09/07/26 16:59:52      Idle     Held     Running     Successful     Failed
09/07/26 16:59:52       ===      ===         ===            ===        ===
09/07/26 16:59:52         0        1           0              0          0
09/07/26 17:00:52 73864 seconds since last log event
09/07/26 17:00:52 Pending DAG nodes:
09/07/26 17:00:52   Node label_data0_1384782888-63_generation_arg_0, HTCondor ID 225715616, status STATUS_SUBMITTED
09/07/26 17:10:52 74464 seconds since last log event
09/07/26 17:10:52 Pending DAG nodes:
09/07/26 17:10:52   Node label_data0_1384782888-63_generation_arg_0, HTCondor ID 225715616, status STATUS_SUBMITTED
09/07/26 17:14:52 Total jobs placed to AP: 1
09/07/26 17:14:52      Idle     Held     Running     Successful     Failed
09/07/26 17:14:52       ===      ===         ===            ===        ===
09/07/26 17:14:52         0        1           0              0          0
09/07/26 17:20:53 75065 seconds since last log event
09/07/26 17:20:53 Pending DAG nodes:
09/07/26 17:20:53   Node label_data0_1384782888-63_generation_arg_0, HTCondor ID 225715616, status STATUS_SUBMITTED
09/07/26 17:29:53 Total jobs placed to AP: 1
09/07/26 17:29:53      Idle     Held     Running     Successful     Failed
09/07/26 17:29:53       ===      ===         ===            ===        ===
09/07/26 17:29:53         0        1           0              0          0
09/07/26 17:30:53 75665 seconds since last log event
09/07/26 17:30:53 Pending DAG nodes:
09/07/26 17:30:53   Node label_data0_1384782888-63_generation_arg_0, HTCondor ID 225715616, status STATUS_SUBMITTED
09/07/26 17:40:54 76266 seconds since last log event
09/07/26 17:40:54 Pending DAG nodes:
09/07/26 17:40:54   Node label_data0_1384782888-63_generation_arg_0, HTCondor ID 225715616, status STATUS_SUBMITTED
09/07/26 17:44:54 Total jobs placed to AP: 1
09/07/26 17:44:54      Idle     Held     Running     Successful     Failed
09/07/26 17:44:54       ===      ===         ===            ===        ===
09/07/26 17:44:54         0        1           0              0          0
09/07/26 17:50:54 76866 seconds since last log event
09/07/26 17:50:54 Pending DAG nodes:
09/07/26 17:50:54   Node label_data0_1384782888-63_generation_arg_0, HTCondor ID 225715616, status STATUS_SUBMITTED
09/07/26 17:59:54 Total jobs placed to AP: 1
09/07/26 17:59:54      Idle     Held     Running     Successful     Failed
09/07/26 17:59:54       ===      ===         ===            ===        ===
09/07/26 17:59:54         0        1           0              0          0
09/07/26 18:00:54 77466 seconds since last log event
09/07/26 18:00:54 Pending DAG nodes:
09/07/26 18:00:54   Node label_data0_1384782888-63_generation_arg_0, HTCondor ID 225715616, status STATUS_SUBMITTED
09/07/26 18:10:54 78066 seconds since last log event
09/07/26 18:10:54 Pending DAG nodes:
09/07/26 18:10:54   Node label_data0_1384782888-63_generation_arg_0, HTCondor ID 225715616, status STATUS_SUBMITTED
09/07/26 18:14:55 Total jobs placed to AP: 1
09/07/26 18:14:55      Idle     Held     Running     Successful     Failed
09/07/26 18:14:55       ===      ===         ===            ===        ===
09/07/26 18:14:55         0        1           0              0          0
09/07/26 18:20:55 78667 seconds since last log event
09/07/26 18:20:55 Pending DAG nodes:
09/07/26 18:20:55   Node label_data0_1384782888-63_generation_arg_0, HTCondor ID 225715616, status STATUS_SUBMITTED
09/07/26 18:29:56 Total jobs placed to AP: 1
09/07/26 18:29:56      Idle     Held     Running     Successful     Failed
09/07/26 18:29:56       ===      ===         ===            ===        ===
09/07/26 18:29:56         0        1           0              0          0
09/07/26 18:30:56 79268 seconds since last log event
09/07/26 18:30:56 Pending DAG nodes:
09/07/26 18:30:56   Node label_data0_1384782888-63_generation_arg_0, HTCondor ID 225715616, status STATUS_SUBMITTED
09/07/26 18:40:56 79868 seconds since last log event
09/07/26 18:40:56 Pending DAG nodes:
09/07/26 18:40:56   Node label_data0_1384782888-63_generation_arg_0, HTCondor ID 225715616, status STATUS_SUBMITTED
09/07/26 18:44:57 Total jobs placed to AP: 1
09/07/26 18:44:57      Idle     Held     Running     Successful     Failed
09/07/26 18:44:57       ===      ===         ===            ===        ===
09/07/26 18:44:57         0        1           0              0          0
09/07/26 18:50:57 80469 seconds since last log event
09/07/26 18:50:57 Pending DAG nodes:
09/07/26 18:50:57   Node label_data0_1384782888-63_generation_arg_0, HTCondor ID 225715616, status STATUS_SUBMITTED
09/07/26 18:59:57 Total jobs placed to AP: 1
09/07/26 18:59:57      Idle     Held     Running     Successful     Failed
09/07/26 18:59:57       ===      ===         ===            ===        ===
09/07/26 18:59:57         0        1           0              0          0
09/07/26 19:00:57 81069 seconds since last log event
09/07/26 19:00:57 Pending DAG nodes:
09/07/26 19:00:57   Node label_data0_1384782888-63_generation_arg_0, HTCondor ID 225715616, status STATUS_SUBMITTED
09/07/26 19:10:58 81670 seconds since last log event
09/07/26 19:10:58 Pending DAG nodes:
09/07/26 19:10:58   Node label_data0_1384782888-63_generation_arg_0, HTCondor ID 225715616, status STATUS_SUBMITTED
09/07/26 19:14:58 Total jobs placed to AP: 1
09/07/26 19:14:58      Idle     Held     Running     Successful     Failed
09/07/26 19:14:58       ===      ===         ===            ===        ===
09/07/26 19:14:58         0        1           0              0          0
09/07/26 19:20:58 82270 seconds since last log event
09/07/26 19:20:58 Pending DAG nodes:
09/07/26 19:20:58   Node label_data0_1384782888-63_generation_arg_0, HTCondor ID 225715616, status STATUS_SUBMITTED
09/07/26 19:29:58 Total jobs placed to AP: 1
09/07/26 19:29:58      Idle     Held     Running     Successful     Failed
09/07/26 19:29:58       ===      ===         ===            ===        ===
09/07/26 19:29:58         0        1           0              0          0
09/07/26 19:30:58 82870 seconds since last log event
09/07/26 19:30:58 Pending DAG nodes:
09/07/26 19:30:58   Node label_data0_1384782888-63_generation_arg_0, HTCondor ID 225715616, status STATUS_SUBMITTED
09/07/26 19:40:58 83470 seconds since last log event
09/07/26 19:40:58 Pending DAG nodes:
09/07/26 19:40:58   Node label_data0_1384782888-63_generation_arg_0, HTCondor ID 225715616, status STATUS_SUBMITTED
09/07/26 19:44:58 Total jobs placed to AP: 1
09/07/26 19:44:58      Idle     Held     Running     Successful     Failed
09/07/26 19:44:58       ===      ===         ===            ===        ===
09/07/26 19:44:58         0        1           0              0          0
09/07/26 19:50:58 84070 seconds since last log event
09/07/26 19:50:58 Pending DAG nodes:
09/07/26 19:50:58   Node label_data0_1384782888-63_generation_arg_0, HTCondor ID 225715616, status STATUS_SUBMITTED
09/07/26 19:57:23 Received SIGUSR1
09/07/26 19:57:23 Aborting DAG...
09/07/26 19:57:23 Writing Rescue DAG to dingo_EXP1_lensed/submit/dag_label.submit.rescue001...
09/07/26 19:57:23 Removing submitted jobs...
09/07/26 19:57:23 Removing any/all submitted HTCondor jobs...
09/07/26 19:57:23 Running: /usr/bin/condor_rm -const DAGManJobId==225715614 -reason DAG' 'Removed:' 'User' 'removed' 'scheduler' 'job' 'from' 'queue.
09/07/26 19:57:23 Note: 0 total node deferrals because of -MaxJobs limit (50000)
09/07/26 19:57:23 Note: 0 total node deferrals because of -MaxIdle limit (100)
09/07/26 19:57:23 Note: 0 total node deferrals because of node category throttles
09/07/26 19:57:23 Note: 0 total PRE script deferrals because of -MaxPre limit (20) or DEFER
09/07/26 19:57:23 Note: 0 total POST script deferrals because of -MaxPost limit (20) or DEFER
09/07/26 19:57:23 Note: 0 total HOLD script deferrals because of -MaxHold limit (20) or DEFER
09/07/26 19:57:23 DAG status: 4 (DAG_STATUS_RM)
09/07/26 19:57:23 Of 4 nodes total:
09/07/26 19:57:23  Done     Pre   Queued    Post   Ready   Un-Ready   Failed   Futile
09/07/26 19:57:23   ===     ===      ===     ===     ===        ===      ===      ===
09/07/26 19:57:23     0       0        1       0       0          3        0        0
09/07/26 19:57:23 1 job proc(s) currently held
09/07/26 19:57:23 DAGMan Runtime Statistics: [EventCycleTimeAvg=0.044; EventCycleTimeMax=59.237; EventCycleTimeMin=0.000; EventCycleTimeStd=1.530; EventCycleTimeSum=123.412; SleepCycleTimeAvg=30.013; SleepCycleTimeMax=31.197; SleepCycleTimeMin=29.004; SleepCycleTimeStd=0.132; SleepCycleTimeSum=84366.142; SubmitCycleTimeAvg=0.000; SubmitCycleTimeMax=0.046; SubmitCycleTimeMin=0.000; SubmitCycleTimeStd=0.001; SubmitCycleTimeSum=0.049; EventCycleTimeCount=2812.000; SleepCycleTimeCount=2811.000; SubmitCycleTimeCount=2812.000; LogProcessCycleTimeAvg=0.005; LogProcessCycleTimeMax=0.006; LogProcessCycleTimeMin=0.005; LogProcessCycleTimeStd=0.001; LogProcessCycleTimeSum=0.011; LogProcessCycleTimeCount=2.000; ]
09/07/26 19:57:23 Wrote metrics file dingo_EXP1_lensed/submit/dag_label.submit.metrics.
09/07/26 19:57:23 DAGMan Runtime Statistics: [EventCycleTimeAvg=0.044; EventCycleTimeMax=59.237; EventCycleTimeMin=0.000; EventCycleTimeStd=1.530; EventCycleTimeSum=123.412; SleepCycleTimeAvg=30.013; SleepCycleTimeMax=31.197; SleepCycleTimeMin=29.004; SleepCycleTimeStd=0.132; SleepCycleTimeSum=84366.142; SubmitCycleTimeAvg=0.000; SubmitCycleTimeMax=0.046; SubmitCycleTimeMin=0.000; SubmitCycleTimeStd=0.001; SubmitCycleTimeSum=0.049; EventCycleTimeCount=2812.000; SleepCycleTimeCount=2811.000; SubmitCycleTimeCount=2812.000; LogProcessCycleTimeAvg=0.005; LogProcessCycleTimeMax=0.006; LogProcessCycleTimeMin=0.005; LogProcessCycleTimeStd=0.001; LogProcessCycleTimeSum=0.011; LogProcessCycleTimeCount=2.000; ]
09/07/26 19:57:23 **** condor_dagman (condor_DAGMAN) pid 2587208 EXITING WITH STATUS 2
