nohup: ignoring input
260907_202025 INFO: Loading dingo model from /home/kailibryan.doney/dingo_lensing_tutorial/materials/ex3_dingo_lensing_application/models/model_nonlensed.pt in order to access settings.
260907_202128 INFO: Setting analysis request_cpus_importance_sampling = 32
260907_202128 INFO: [95mUsing a non-'dingo' accounting tag: please ensure this is intentional[0m
260907_202128 INFO: Using accounting tag: ligo.dev.o4.cbc.explore.test
260907_202128 INFO: Using accounting-user: None
260907_202128 INFO: Setting segment trigger-times [1384782888.63]
260907_202128 INFO: Running command: /home/chun-lung.chan/.conda/envs/dingo_lensing_team_20260826/bin/dingo_lensing_pipe_generation dingo_EXP2_nonlensed/label_config_complete.ini --label label_data0_1384782888-63_generation --idx 0 --trigger-time 1384782888.63 --outdir dingo_EXP2_nonlensed
260907_202135 WARNING: You do not have nds2 (python-nds2-client) installed. You may  experience problems accessing interferometer data.
260907_202135 WARNING: You do not have LDAStools.frameCPP (python-ldas-tools-framecpp) installed. You may experience problems accessing interferometer data.
260907_202135 INFO: Command line arguments: Namespace(ini='dingo_EXP2_nonlensed/label_config_complete.ini', verbose=False, calibration_model=None, calibration_mode='marginalize', calibration_correction_type=None, spline_calibration_envelope_dict=None, spline_calibration_nodes=10, spline_calibration_curves=1000, idx=0, data_dump_file=None, event_data_file=None, proposal_samples_file=None, importance_sampling_generation=False, ignore_gwpy_data_quality_check=True, gps_tuple=None, gps_file=None, timeslide_file=None, timeslide_dict=None, trigger_time='1384782888.63', n_simulation=0, data_dict="{'H1': 'gwf_files/H1.gwf', 'L1': 'gwf_files/L1.gwf'}", data_format=None, allow_tape=True, channel_dict='{"H1": "injection", "L1": "injection"}', fetch_open_data_kwargs=None, frame_type_dict=None, data_find_url=None, data_find_urltype='osdf', gaussian_noise=False, zero_noise=False, detectors=['H1', 'L1'], duration=8.0, generation_seed=None, psd_dict="{'H1': '/home/chun-lung.chan/dingo_lensing_team/tutorial_20260828/ex3_dingo_lensing_application/psds/H1_psd.txt', 'L1': '/home/chun-lung.chan/dingo_lensing_team/tutorial_20260828/ex3_dingo_lensing_application/psds/L1_psd.txt'}", asd_dataset=None, psd_fractional_overlap=0.5, post_trigger_duration=2.0, sampling_frequency=1024.0, psd_length=32, psd_maximum_duration=1024, psd_method='median', psd_start_time=None, maximum_frequency='448.0', minimum_frequency='20.0', tukey_roll_off=1.0, resampling_method='lal', injection=False, injection_dict=None, injection_file=None, injection_numbers=[None], dingo_injection=False, injection_waveform_approximant=None, injection_frequency_domain_source_model=None, injection_waveform_arguments=None, injection_waveform_generator_constructor_dict=None, save_bilby_data_dump=False, accounting='ligo.dev.o4.cbc.explore.test', accounting_user=None, label='label_data0_1384782888-63_generation', local=True, local_generation=False, generation_pool='local-pool', local_plot=False, outdir='dingo_EXP2_nonlensed', overwrite_outdir=False, request_disk=5.0, request_memory_generation=16.0, request_memory=32.0, request_cpus=32, request_memory_importance_sampling=8.0, request_cpus_importance_sampling=32, conda_env='/home/chun-lung.chan/.conda/envs/dingo_lensing_team_20260826', sampling_requirements=['None'], extra_lines=['None'], simple_submission=False, scheduler='condor', scheduler_args=None, scheduler_module=[None], scheduler_env=None, scheduler_analysis_time='7-00:00:00', submit=False, condor_job_priority=0, transfer_files=True, environment_variables=None, getenv=[None], additional_transfer_paths=[None], disable_hdf5_locking=False, log_directory=None, osg=False, gpu_desired_sites=None, cpu_desired_sites=None, generation_desired_sites=None, analysis_executable=None, analysis_executable_parser=None, scitoken_issuer=None, container=None, time_reference='geocent', plot_data=False, plot_injection=False, plot_spectrogram=False, plot_corner=True, plot_weights=False, plot_log_probs=False, plot_pp=False, create_summary=False, email=None, notification='Never', queue=None, existing_dir=None, webdir=None, summarypages_arguments=None, result_format='hdf5', final_result=True, final_result_nsamples=20000, default_prior='BBHPriorDict', deltaT=0.2, Toffset=0.0, prior_dict_updates=None, prior_file=None, prior_dict="{mass_1:Constraint(minimum=1.0, maximum=1001.0, name=None, latex_label=None, unit=None), mass_2:Constraint(minimum=1.0, maximum=1001.0, name=None, latex_label=None, unit=None), chirp_mass:bilby.gw.prior.UniformInComponentsChirpMass(minimum=10.0, maximum=180.0, name='chirp_mass', latex_label='$\\\\mathcal{M}$', unit=None, boundary=None), mass_ratio:bilby.gw.prior.UniformInComponentsMassRatio(minimum=0.125, maximum=1.0, name='mass_ratio', latex_label='$q$', unit=None, boundary=None, equal_mass=False), phase:Uniform(minimum=0.0, maximum=6.283185307179586, name='phase', latex_label='$\\\\phi$', unit=None, boundary='periodic'), a_1:Uniform(minimum=0.0, maximum=0.99, name=None, latex_label=None, unit=None, boundary=None), a_2:Uniform(minimum=0.0, maximum=0.99, name=None, latex_label=None, unit=None, boundary=None), tilt_1:Sine(minimum=0.0, maximum=3.141592653589793, name='tilt_1', latex_label='$\\\\theta_1$', unit=None, boundary=None), tilt_2:Sine(minimum=0.0, maximum=3.141592653589793, name='tilt_2', latex_label='$\\\\theta_2$', unit=None, boundary=None), phi_12:Uniform(minimum=0.0, maximum=6.283185307179586, name='phi_12', latex_label='$\\\\Delta\\\\phi$', unit=None, boundary='periodic'), phi_jl:Uniform(minimum=0.0, maximum=6.283185307179586, name='phi_jl', latex_label='$\\\\phi_{JL}$', unit=None, boundary='periodic'), theta_jn:Sine(minimum=0.0, maximum=3.141592653589793, name='theta_jn', latex_label='$\\\\theta_{JN}$', unit=None, boundary=None), luminosity_distance:Uniform(minimum=500.0, maximum=10000.0, name=None, latex_label=None, unit=None, boundary=None), dec:Cosine(minimum=-1.5707963267948966, maximum=1.5707963267948966, name='dec', latex_label='$\\\\mathrm{DEC}$', unit=None, boundary=None), ra:Uniform(minimum=0.0, maximum=6.283185307179586, name='ra', latex_label='$\\\\mathrm{RA}$', unit=None, boundary='periodic'), psi:Uniform(minimum=0.0, maximum=3.141592653589793, name='psi', latex_label='$\\\\psi$', unit=None, boundary='periodic')}", enforce_signal_duration=True, reference_frequency=20.0, waveform_approximant='IMRPhenomXPHM', catch_waveform_errors=True, numerical_relativity_file=None, model='/home/kailibryan.doney/dingo_lensing_tutorial/materials/ex3_dingo_lensing_application/models/model_nonlensed.pt', model_init=None, model_reference_time=1384782888.63, recover_log_prob=False, device='cpu', num_gnpe_iterations=30, num_samples=50000, batch_size=5000, density_recovery_settings='ProxyRecoveryDefault', importance_sample=True, importance_sampling_settings='Default', importance_sampling_updates='{}', n_parallel=1)
260907_202135 INFO: Unknown command line arguments: []
260907_202135 INFO: Generation seed set to 948419
260907_202135 INFO: Setting H1 PSD from file /home/chun-lung.chan/dingo_lensing_team/tutorial_20260828/ex3_dingo_lensing_application/psds/H1_psd.txt
260907_202135 INFO: Getting analysis-segment data for H1
260907_202135 INFO: Running: gwpy.timeseries.TimeSeries.read(source=['gwf_files/H1.gwf'], channel='H1:injection', ).astype(dtype='float64', subok=True, copy=False, )
260907_202135 INFO: Sample rate matches data no resampling
260907_202135 INFO: Setting L1 PSD from file /home/chun-lung.chan/dingo_lensing_team/tutorial_20260828/ex3_dingo_lensing_application/psds/L1_psd.txt
260907_202135 INFO: Getting analysis-segment data for L1
260907_202135 INFO: Running: gwpy.timeseries.TimeSeries.read(source=['gwf_files/L1.gwf'], channel='L1:injection', ).astype(dtype='float64', subok=True, copy=False, )
260907_202135 INFO: Sample rate matches data no resampling
260907_202139 INFO: Using default PSD start time -256.0 relative to start time
260907_202139 INFO: Completed data generation
Saving dataset to dingo_EXP2_nonlensed/data/label_data0_1384782888-63_generation_event_data.hdf5
260907_202141 INFO: Running command: /home/chun-lung.chan/.conda/envs/dingo_lensing_team_20260826/bin/dingo_lensing_pipe_sampling dingo_EXP2_nonlensed/label_config_complete.ini --label label_data0_1384782888-63_sampling --event-data-file dingo_EXP2_nonlensed/data/label_data0_1384782888-63_generation_event_data.hdf5 --outdir dingo_EXP2_nonlensed
260907_202147 INFO: Command line arguments: Namespace(ini='dingo_EXP2_nonlensed/label_config_complete.ini', verbose=False, calibration_model=None, calibration_mode='marginalize', calibration_correction_type=None, spline_calibration_envelope_dict=None, spline_calibration_nodes=10, spline_calibration_curves=1000, idx=0, data_dump_file=None, event_data_file='dingo_EXP2_nonlensed/data/label_data0_1384782888-63_generation_event_data.hdf5', proposal_samples_file=None, importance_sampling_generation=False, ignore_gwpy_data_quality_check=True, gps_tuple=None, gps_file=None, timeslide_file=None, timeslide_dict=None, trigger_time='1384782888.63', n_simulation=0, data_dict="{'H1': 'gwf_files/H1.gwf', 'L1': 'gwf_files/L1.gwf'}", data_format=None, allow_tape=True, channel_dict='{"H1": "injection", "L1": "injection"}', fetch_open_data_kwargs=None, frame_type_dict=None, data_find_url=None, data_find_urltype='osdf', gaussian_noise=False, zero_noise=False, detectors=['H1', 'L1'], duration=8.0, generation_seed=None, psd_dict="{'H1': '/home/chun-lung.chan/dingo_lensing_team/tutorial_20260828/ex3_dingo_lensing_application/psds/H1_psd.txt', 'L1': '/home/chun-lung.chan/dingo_lensing_team/tutorial_20260828/ex3_dingo_lensing_application/psds/L1_psd.txt'}", asd_dataset=None, psd_fractional_overlap=0.5, post_trigger_duration=2.0, sampling_frequency=1024.0, psd_length=32, psd_maximum_duration=1024, psd_method='median', psd_start_time=None, maximum_frequency='448.0', minimum_frequency='20.0', tukey_roll_off=1.0, resampling_method='lal', injection=False, injection_dict=None, injection_file=None, injection_numbers=[None], dingo_injection=False, injection_waveform_approximant=None, injection_frequency_domain_source_model=None, injection_waveform_arguments=None, injection_waveform_generator_constructor_dict=None, save_bilby_data_dump=False, accounting='ligo.dev.o4.cbc.explore.test', accounting_user=None, label='label_data0_1384782888-63_sampling', local=True, local_generation=False, generation_pool='local-pool', local_plot=False, outdir='dingo_EXP2_nonlensed', overwrite_outdir=False, request_disk=5.0, request_memory_generation=16.0, request_memory=32.0, request_cpus=32, request_memory_importance_sampling=8.0, request_cpus_importance_sampling=32, conda_env='/home/chun-lung.chan/.conda/envs/dingo_lensing_team_20260826', sampling_requirements=['None'], extra_lines=['None'], simple_submission=False, scheduler='condor', scheduler_args=None, scheduler_module=[None], scheduler_env=None, scheduler_analysis_time='7-00:00:00', submit=False, condor_job_priority=0, transfer_files=True, environment_variables=None, getenv=[None], additional_transfer_paths=[None], disable_hdf5_locking=False, log_directory=None, osg=False, gpu_desired_sites=None, cpu_desired_sites=None, generation_desired_sites=None, analysis_executable=None, analysis_executable_parser=None, scitoken_issuer=None, container=None, time_reference='geocent', plot_data=False, plot_injection=False, plot_spectrogram=False, plot_corner=True, plot_weights=False, plot_log_probs=False, plot_pp=False, create_summary=False, email=None, notification='Never', queue=None, existing_dir=None, webdir=None, summarypages_arguments=None, result_format='hdf5', final_result=True, final_result_nsamples=20000, default_prior='BBHPriorDict', deltaT=0.2, Toffset=0.0, prior_dict_updates=None, prior_file=None, prior_dict="{mass_1:Constraint(minimum=1.0, maximum=1001.0, name=None, latex_label=None, unit=None), mass_2:Constraint(minimum=1.0, maximum=1001.0, name=None, latex_label=None, unit=None), chirp_mass:bilby.gw.prior.UniformInComponentsChirpMass(minimum=10.0, maximum=180.0, name='chirp_mass', latex_label='$\\\\mathcal{M}$', unit=None, boundary=None), mass_ratio:bilby.gw.prior.UniformInComponentsMassRatio(minimum=0.125, maximum=1.0, name='mass_ratio', latex_label='$q$', unit=None, boundary=None, equal_mass=False), phase:Uniform(minimum=0.0, maximum=6.283185307179586, name='phase', latex_label='$\\\\phi$', unit=None, boundary='periodic'), a_1:Uniform(minimum=0.0, maximum=0.99, name=None, latex_label=None, unit=None, boundary=None), a_2:Uniform(minimum=0.0, maximum=0.99, name=None, latex_label=None, unit=None, boundary=None), tilt_1:Sine(minimum=0.0, maximum=3.141592653589793, name='tilt_1', latex_label='$\\\\theta_1$', unit=None, boundary=None), tilt_2:Sine(minimum=0.0, maximum=3.141592653589793, name='tilt_2', latex_label='$\\\\theta_2$', unit=None, boundary=None), phi_12:Uniform(minimum=0.0, maximum=6.283185307179586, name='phi_12', latex_label='$\\\\Delta\\\\phi$', unit=None, boundary='periodic'), phi_jl:Uniform(minimum=0.0, maximum=6.283185307179586, name='phi_jl', latex_label='$\\\\phi_{JL}$', unit=None, boundary='periodic'), theta_jn:Sine(minimum=0.0, maximum=3.141592653589793, name='theta_jn', latex_label='$\\\\theta_{JN}$', unit=None, boundary=None), luminosity_distance:Uniform(minimum=500.0, maximum=10000.0, name=None, latex_label=None, unit=None, boundary=None), dec:Cosine(minimum=-1.5707963267948966, maximum=1.5707963267948966, name='dec', latex_label='$\\\\mathrm{DEC}$', unit=None, boundary=None), ra:Uniform(minimum=0.0, maximum=6.283185307179586, name='ra', latex_label='$\\\\mathrm{RA}$', unit=None, boundary='periodic'), psi:Uniform(minimum=0.0, maximum=3.141592653589793, name='psi', latex_label='$\\\\psi$', unit=None, boundary='periodic')}", enforce_signal_duration=True, reference_frequency=20.0, waveform_approximant='IMRPhenomXPHM', catch_waveform_errors=True, numerical_relativity_file=None, model='/home/kailibryan.doney/dingo_lensing_tutorial/materials/ex3_dingo_lensing_application/models/model_nonlensed.pt', model_init=None, model_reference_time=1384782888.63, recover_log_prob=False, device='cpu', num_gnpe_iterations=30, num_samples=50000, batch_size=5000, density_recovery_settings='ProxyRecoveryDefault', importance_sample=True, importance_sampling_settings='Default', importance_sampling_updates='{}', n_parallel=1)
260907_202147 INFO: Unknown command line arguments: []
Loading dataset from dingo_EXP2_nonlensed/data/label_data0_1384782888-63_generation_event_data.hdf5.
Putting posterior model to device cpu.
Running sampler to generate 50000 samples.
Done. This took 63.4 s.
Saving dataset to dingo_EXP2_nonlensed/result/label_data0_1384782888-63_sampling.hdf5
260907_202342 INFO: Running command: /home/chun-lung.chan/.conda/envs/dingo_lensing_team_20260826/bin/dingo_lensing_pipe_importance_sampling dingo_EXP2_nonlensed/label_config_complete.ini --outdir dingo_EXP2_nonlensed --label label_data0_1384782888-63_importance_sampling --proposal-samples-file dingo_EXP2_nonlensed/result/label_data0_1384782888-63_sampling.hdf5 --event-data-file dingo_EXP2_nonlensed/data/label_data0_1384782888-63_generation_event_data.hdf5
260907_202350 INFO: Command line arguments: Namespace(ini='dingo_EXP2_nonlensed/label_config_complete.ini', verbose=False, calibration_model=None, calibration_mode='marginalize', calibration_correction_type=None, spline_calibration_envelope_dict=None, spline_calibration_nodes=10, spline_calibration_curves=1000, idx=0, data_dump_file=None, event_data_file='dingo_EXP2_nonlensed/data/label_data0_1384782888-63_generation_event_data.hdf5', proposal_samples_file='dingo_EXP2_nonlensed/result/label_data0_1384782888-63_sampling.hdf5', importance_sampling_generation=False, ignore_gwpy_data_quality_check=True, gps_tuple=None, gps_file=None, timeslide_file=None, timeslide_dict=None, trigger_time='1384782888.63', n_simulation=0, data_dict="{'H1': 'gwf_files/H1.gwf', 'L1': 'gwf_files/L1.gwf'}", data_format=None, allow_tape=True, channel_dict='{"H1": "injection", "L1": "injection"}', fetch_open_data_kwargs=None, frame_type_dict=None, data_find_url=None, data_find_urltype='osdf', gaussian_noise=False, zero_noise=False, detectors=['H1', 'L1'], duration=8.0, generation_seed=None, psd_dict="{'H1': '/home/chun-lung.chan/dingo_lensing_team/tutorial_20260828/ex3_dingo_lensing_application/psds/H1_psd.txt', 'L1': '/home/chun-lung.chan/dingo_lensing_team/tutorial_20260828/ex3_dingo_lensing_application/psds/L1_psd.txt'}", asd_dataset=None, psd_fractional_overlap=0.5, post_trigger_duration=2.0, sampling_frequency=1024.0, psd_length=32, psd_maximum_duration=1024, psd_method='median', psd_start_time=None, maximum_frequency='448.0', minimum_frequency='20.0', tukey_roll_off=1.0, resampling_method='lal', injection=False, injection_dict=None, injection_file=None, injection_numbers=[None], dingo_injection=False, injection_waveform_approximant=None, injection_frequency_domain_source_model=None, injection_waveform_arguments=None, injection_waveform_generator_constructor_dict=None, save_bilby_data_dump=False, accounting='ligo.dev.o4.cbc.explore.test', accounting_user=None, label='label_data0_1384782888-63_importance_sampling', local=True, local_generation=False, generation_pool='local-pool', local_plot=False, outdir='dingo_EXP2_nonlensed', overwrite_outdir=False, request_disk=5.0, request_memory_generation=16.0, request_memory=32.0, request_cpus=32, request_memory_importance_sampling=8.0, request_cpus_importance_sampling=32, conda_env='/home/chun-lung.chan/.conda/envs/dingo_lensing_team_20260826', sampling_requirements=['None'], extra_lines=['None'], simple_submission=False, scheduler='condor', scheduler_args=None, scheduler_module=[None], scheduler_env=None, scheduler_analysis_time='7-00:00:00', submit=False, condor_job_priority=0, transfer_files=True, environment_variables=None, getenv=[None], additional_transfer_paths=[None], disable_hdf5_locking=False, log_directory=None, osg=False, gpu_desired_sites=None, cpu_desired_sites=None, generation_desired_sites=None, analysis_executable=None, analysis_executable_parser=None, scitoken_issuer=None, container=None, time_reference='geocent', plot_data=False, plot_injection=False, plot_spectrogram=False, plot_corner=True, plot_weights=False, plot_log_probs=False, plot_pp=False, create_summary=False, email=None, notification='Never', queue=None, existing_dir=None, webdir=None, summarypages_arguments=None, result_format='hdf5', final_result=True, final_result_nsamples=20000, default_prior='BBHPriorDict', deltaT=0.2, Toffset=0.0, prior_dict_updates=None, prior_file=None, prior_dict="{mass_1:Constraint(minimum=1.0, maximum=1001.0, name=None, latex_label=None, unit=None), mass_2:Constraint(minimum=1.0, maximum=1001.0, name=None, latex_label=None, unit=None), chirp_mass:bilby.gw.prior.UniformInComponentsChirpMass(minimum=10.0, maximum=180.0, name='chirp_mass', latex_label='$\\\\mathcal{M}$', unit=None, boundary=None), mass_ratio:bilby.gw.prior.UniformInComponentsMassRatio(minimum=0.125, maximum=1.0, name='mass_ratio', latex_label='$q$', unit=None, boundary=None, equal_mass=False), phase:Uniform(minimum=0.0, maximum=6.283185307179586, name='phase', latex_label='$\\\\phi$', unit=None, boundary='periodic'), a_1:Uniform(minimum=0.0, maximum=0.99, name=None, latex_label=None, unit=None, boundary=None), a_2:Uniform(minimum=0.0, maximum=0.99, name=None, latex_label=None, unit=None, boundary=None), tilt_1:Sine(minimum=0.0, maximum=3.141592653589793, name='tilt_1', latex_label='$\\\\theta_1$', unit=None, boundary=None), tilt_2:Sine(minimum=0.0, maximum=3.141592653589793, name='tilt_2', latex_label='$\\\\theta_2$', unit=None, boundary=None), phi_12:Uniform(minimum=0.0, maximum=6.283185307179586, name='phi_12', latex_label='$\\\\Delta\\\\phi$', unit=None, boundary='periodic'), phi_jl:Uniform(minimum=0.0, maximum=6.283185307179586, name='phi_jl', latex_label='$\\\\phi_{JL}$', unit=None, boundary='periodic'), theta_jn:Sine(minimum=0.0, maximum=3.141592653589793, name='theta_jn', latex_label='$\\\\theta_{JN}$', unit=None, boundary=None), luminosity_distance:Uniform(minimum=500.0, maximum=10000.0, name=None, latex_label=None, unit=None, boundary=None), dec:Cosine(minimum=-1.5707963267948966, maximum=1.5707963267948966, name='dec', latex_label='$\\\\mathrm{DEC}$', unit=None, boundary=None), ra:Uniform(minimum=0.0, maximum=6.283185307179586, name='ra', latex_label='$\\\\mathrm{RA}$', unit=None, boundary='periodic'), psi:Uniform(minimum=0.0, maximum=3.141592653589793, name='psi', latex_label='$\\\\psi$', unit=None, boundary='periodic')}", enforce_signal_duration=True, reference_frequency=20.0, waveform_approximant='IMRPhenomXPHM', catch_waveform_errors=True, numerical_relativity_file=None, model='/home/kailibryan.doney/dingo_lensing_tutorial/materials/ex3_dingo_lensing_application/models/model_nonlensed.pt', model_init=None, model_reference_time=1384782888.63, recover_log_prob=False, device='cpu', num_gnpe_iterations=30, num_samples=50000, batch_size=5000, density_recovery_settings='ProxyRecoveryDefault', importance_sample=True, importance_sampling_settings='Default', importance_sampling_updates='{}', n_parallel=1)
260907_202350 INFO: Unknown command line arguments: []
260907_202350 WARNING: calibration_correction_type=None is passed. Assuming calibration_correction_type='data' for H1, L1, K1, and 'template' for V1
260907_202350 INFO: Sampling synthetic phase.
Loading dataset from dingo_EXP2_nonlensed/result/label_data0_1384782888-63_sampling.hdf5.
Loading dataset from dingo_EXP2_nonlensed/result/label_data0_1384782888-63_sampling.hdf5.
Loading dataset from dingo_EXP2_nonlensed/data/label_data0_1384782888-63_generation_event_data.hdf5.
Estimating synthetic phase for 49908 samples.
Setting spin_conversion_phase = 0.0. Using this value for the phase parameter for conversion to cartesian spins.
Setting spin_conversion_phase = 0.0. Using this value for the phase parameter for conversion to cartesian spins.
multiprocessing.pool.RemoteTraceback: 
"""
AttributeError: 'NoneType' object has no attribute 'sqrt'

The above exception was the direct cause of the following exception:

Traceback (most recent call last):
  File "/home/chun-lung.chan/.conda/envs/dingo_lensing_team_20260826/lib/python3.13/multiprocessing/pool.py", line 125, in worker
    result = (True, func(*args, **kwds))
                    ~~~~^^^^^^^^^^^^^^^
  File "/home/chun-lung.chan/.conda/envs/dingo_lensing_team_20260826/lib/python3.13/multiprocessing/pool.py", line 48, in mapstar
    return list(map(*args))
  File "/home/chun-lung.chan/.conda/envs/dingo_lensing_team_20260826/lib/python3.13/site-packages/dingo/gw/likelihood.py", line 326, in log_likelihood_phase_grid
    return self._log_likelihood_phase_grid_mode_decomposed(theta, phases=phases)
           ~~~~~~~~~~~~~~~~~~~~~~~~~~~~~~~~~~~~~~~~~~~~~~~^^^^^^^^^^^^^^^^^^^^^^
  File "/home/chun-lung.chan/.conda/envs/dingo_lensing_team_20260826/lib/python3.13/site-packages/dingo/gw/likelihood.py", line 382, in _log_likelihood_phase_grid_mode_decomposed
    pol_m = self.signal_m({**theta, "phase": 0})
  File "/home/chun-lung.chan/.conda/envs/dingo_lensing_team_20260826/lib/python3.13/site-packages/dingo/gw/injection.py", line 261, in signal_m
    pol_m = self.waveform_generator.generate_hplus_hcross_m(theta_intrinsic)
  File "/home/chun-lung.chan/dingo_lensing_team/dingo-lensing/dingo_lensing/waveform_generator.py", line 108, in generate_hplus_hcross_m
    amp_factor = self._get_lensing_amplification_factor(
        self.domain.sample_frequencies,
    ...<2 lines>...
        mu_rel=mu_rel,
    )
  File "/home/chun-lung.chan/dingo_lensing_team/dingo-lensing/dingo_lensing/waveform_generator.py", line 134, in _get_lensing_amplification_factor
    return geomoptics.two_images_BBH(
           ~~~~~~~~~~~~~~~~~~~~~~~~~^
        frequency_array,
        ^^^^^^^^^^^^^^^^
    ...<2 lines>...
        parameters.get("Delta_phase", 0.5 * np.pi),
        ^^^^^^^^^^^^^^^^^^^^^^^^^^^^^^^^^^^^^^^^^^^
    )
    ^
  File "/home/chun-lung.chan/.conda/envs/dingo_lensing_team_20260826/lib/python3.13/site-packages/modwaveforms/geomoptics.py", line 26, in two_images_BBH
    F_two_images = (1.+np.sqrt(mu_rel)*np.exp(1j*(2*np.pi*frequency_array*Delta_t-np.sign(frequency_array)*Delta_phase)))
                       ~~~~~~~^^^^^^^^
TypeError: loop of ufunc does not support argument 0 of type NoneType which has no callable sqrt method
"""

The above exception was the direct cause of the following exception:

Traceback (most recent call last):
  File "/home/chun-lung.chan/.conda/envs/dingo_lensing_team_20260826/bin/dingo_lensing_pipe_importance_sampling", line 6, in <module>
    sys.exit(main())
             ~~~~^^
  File "/home/chun-lung.chan/dingo_lensing_team/dingo-lensing/dingo_lensing/pipe/importance_sampling.py", line 30, in main
    analysis.run_sampler()
    ~~~~~~~~~~~~~~~~~~~~^^
  File "/home/chun-lung.chan/.conda/envs/dingo_lensing_team_20260826/lib/python3.13/site-packages/dingo/pipe/importance_sampling.py", line 221, in run_sampler
    self.result.sample_synthetic_phase(synthetic_phase_kwargs)
    ~~~~~~~~~~~~~~~~~~~~~~~~~~~~~~~~~~^^^^^^^^^^^^^^^^^^^^^^^^
  File "/home/chun-lung.chan/.conda/envs/dingo_lensing_team_20260826/lib/python3.13/site-packages/dingo/gw/result.py", line 604, in sample_synthetic_phase
    phase_log_posterior = apply_func_with_multiprocessing(
        self.likelihood.log_likelihood_phase_grid,
        theta.iloc[within_prior],
        num_processes=num_processes,
    )
  File "/home/chun-lung.chan/.conda/envs/dingo_lensing_team_20260826/lib/python3.13/site-packages/dingo/core/multiprocessing.py", line 36, in apply_func_with_multiprocessing
    result = pool.map(func, theta_generator)
  File "/home/chun-lung.chan/.conda/envs/dingo_lensing_team_20260826/lib/python3.13/multiprocessing/pool.py", line 367, in map
    return self._map_async(func, iterable, mapstar, chunksize).get()
           ~~~~~~~~~~~~~~~~~~~~~~~~~~~~~~~~~~~~~~~~~~~~~~~~~~~~~~~^^
  File "/home/chun-lung.chan/.conda/envs/dingo_lensing_team_20260826/lib/python3.13/multiprocessing/pool.py", line 774, in get
    raise self._value
TypeError: loop of ufunc does not support argument 0 of type NoneType which has no callable sqrt method
Setting spin_conversion_phase = 0.0. Using this value for the phase parameter for conversion to cartesian spins.
Traceback (most recent call last):
  File "/home/chun-lung.chan/.conda/envs/dingo_lensing_team_20260826/bin/dingo_lensing_pipe", line 6, in <module>
    sys.exit(main())
             ~~~~^^
  File "/home/chun-lung.chan/dingo_lensing_team/dingo-lensing/dingo_lensing/pipe/main.py", line 39, in main
    generate_dag(inputs, model_args)
    ~~~~~~~~~~~~^^^^^^^^^^^^^^^^^^^^
  File "/home/chun-lung.chan/dingo_lensing_team/dingo-lensing/dingo_lensing/pipe/dag_creator.py", line 99, in generate_dag
    importance_sampling_node = ImportanceSamplingNode(
        inputs,
    ...<3 lines>...
        dag=dag,
    )
  File "/home/chun-lung.chan/.conda/envs/dingo_lensing_team_20260826/lib/python3.13/site-packages/dingo/pipe/nodes/importance_sampling_node.py", line 78, in __init__
    self.process_node()
    ~~~~~~~~~~~~~~~~~^^
  File "/home/chun-lung.chan/.conda/envs/dingo_lensing_team_20260826/lib/python3.13/site-packages/bilby_pipe/job_creation/node.py", line 50, in process_node
    subprocess.run([self.executable] + self.arguments.argument_list, check=True)
    ~~~~~~~~~~~~~~^^^^^^^^^^^^^^^^^^^^^^^^^^^^^^^^^^^^^^^^^^^^^^^^^^^^^^^^^^^^^^
  File "/home/chun-lung.chan/.conda/envs/dingo_lensing_team_20260826/lib/python3.13/subprocess.py", line 577, in run
    raise CalledProcessError(retcode, process.args,
                             output=stdout, stderr=stderr)
subprocess.CalledProcessError: Command '['/home/chun-lung.chan/.conda/envs/dingo_lensing_team_20260826/bin/dingo_lensing_pipe_importance_sampling', 'dingo_EXP2_nonlensed/label_config_complete.ini', '--outdir', 'dingo_EXP2_nonlensed', '--label', 'label_data0_1384782888-63_importance_sampling', '--proposal-samples-file', 'dingo_EXP2_nonlensed/result/label_data0_1384782888-63_sampling.hdf5', '--event-data-file', 'dingo_EXP2_nonlensed/data/label_data0_1384782888-63_generation_event_data.hdf5']' returned non-zero exit status 1.
