nohup: ignoring input
  super().__init__(loader)
Resuming training run.
Putting posterior model to device cpu.
Loading dataset from training_data/waveform_dataset.hdf5.
Omitting data keys ['polarizations'].

Resuming training in stage 0. Settings:
epochs: 20
asd_dataset_path: training_data/asd_dataset/asds_O1.hdf5
freeze_rb_layer: true
optimizer:
  type: adam
  lr: 0.0001
scheduler:
  type: cosine
  T_max: 20
batch_size: 64

Setting train transforms.
Loading dataset from training_data/asd_dataset/asds_O1.hdf5.
Using previously-calculated parameter standardizations.
Fixed parameters: 2410400
Learnable parameters: 4214620


Start training epoch 7 with lr [7.938926261462366e-05]
Train Epoch: 7 [0/9500 (0%)]		Loss: 15.389 (15.389)		Time Dataloader: 0.510 (0.510)		Time Network: 19.796 (19.796)
Train Epoch: 7 [64/9500 (1%)]		Loss: 15.067 (15.228)		Time Dataloader: 0.011 (0.261)		Time Network: 19.500 (19.648)
Train Epoch: 7 [128/9500 (1%)]		Loss: 15.276 (15.244)		Time Dataloader: 0.001 (0.174)		Time Network: 20.234 (19.843)
Train Epoch: 7 [192/9500 (2%)]		Loss: 15.097 (15.207)		Time Dataloader: 0.003 (0.131)		Time Network: 19.432 (19.741)
Train Epoch: 7 [256/9500 (3%)]		Loss: 15.193 (15.204)		Time Dataloader: 0.001 (0.105)		Time Network: 19.413 (19.675)
Train Epoch: 7 [320/9500 (3%)]		Loss: 15.082 (15.184)		Time Dataloader: 0.001 (0.088)		Time Network: 2.295 (16.778)
Train Epoch: 7 [384/9500 (4%)]		Loss: 15.528 (15.233)		Time Dataloader: 0.003 (0.076)		Time Network: 19.262 (17.133)
Train Epoch: 7 [448/9500 (5%)]		Loss: 14.999 (15.204)		Time Dataloader: 0.001 (0.066)		Time Network: 18.908 (17.355)
Train Epoch: 7 [512/9500 (5%)]		Loss: 15.288 (15.213)		Time Dataloader: 0.003 (0.059)		Time Network: 19.125 (17.552)
Train Epoch: 7 [576/9500 (6%)]		Loss: 15.357 (15.228)		Time Dataloader: 0.009 (0.054)		Time Network: 18.854 (17.682)
Train Epoch: 7 [640/9500 (7%)]		Loss: 14.919 (15.199)		Time Dataloader: 0.001 (0.049)		Time Network: 19.370 (17.835)
Train Epoch: 7 [704/9500 (7%)]		Loss: 15.505 (15.225)		Time Dataloader: 0.001 (0.045)		Time Network: 18.947 (17.928)
Train Epoch: 7 [768/9500 (8%)]		Loss: 15.143 (15.219)		Time Dataloader: 0.009 (0.043)		Time Network: 19.494 (18.048)
Train Epoch: 7 [832/9500 (9%)]		Loss: 15.100 (15.210)		Time Dataloader: 0.002 (0.040)		Time Network: 19.258 (18.135)
Train Epoch: 7 [896/9500 (9%)]		Loss: 15.163 (15.207)		Time Dataloader: 0.002 (0.037)		Time Network: 19.694 (18.239)
Train Epoch: 7 [960/9500 (10%)]		Loss: 15.424 (15.221)		Time Dataloader: 0.002 (0.035)		Time Network: 8.584 (17.635)
Train Epoch: 7 [1024/9500 (11%)]		Loss: 14.778 (15.195)		Time Dataloader: 0.002 (0.033)		Time Network: 0.112 (16.605)
Train Epoch: 7 [1088/9500 (11%)]		Loss: 15.312 (15.201)		Time Dataloader: 0.002 (0.031)		Time Network: 19.090 (16.743)
Train Epoch: 7 [1152/9500 (12%)]		Loss: 15.070 (15.194)		Time Dataloader: 0.002 (0.030)		Time Network: 18.985 (16.861)
Train Epoch: 7 [1216/9500 (13%)]		Loss: 15.460 (15.207)		Time Dataloader: 0.002 (0.028)		Time Network: 18.842 (16.960)
Train Epoch: 7 [1280/9500 (13%)]		Loss: 14.825 (15.189)		Time Dataloader: 0.003 (0.027)		Time Network: 18.852 (17.050)
Train Epoch: 7 [1344/9500 (14%)]		Loss: 14.999 (15.181)		Time Dataloader: 0.002 (0.026)		Time Network: 19.051 (17.141)
Train Epoch: 7 [1408/9500 (15%)]		Loss: 14.942 (15.170)		Time Dataloader: 0.002 (0.025)		Time Network: 18.512 (17.200)
Train Epoch: 7 [1472/9500 (15%)]		Loss: 15.597 (15.188)		Time Dataloader: 0.002 (0.024)		Time Network: 18.664 (17.261)
Train Epoch: 7 [1536/9500 (16%)]		Loss: 15.200 (15.188)		Time Dataloader: 0.002 (0.023)		Time Network: 17.927 (17.288)
Train Epoch: 7 [1600/9500 (17%)]		Loss: 14.920 (15.178)		Time Dataloader: 0.002 (0.022)		Time Network: 12.243 (17.094)
Train Epoch: 7 [1664/9500 (18%)]		Loss: 15.417 (15.187)		Time Dataloader: 0.002 (0.022)		Time Network: 0.116 (16.465)
Train Epoch: 7 [1728/9500 (18%)]		Loss: 15.104 (15.184)		Time Dataloader: 0.002 (0.021)		Time Network: 0.124 (15.882)
Train Epoch: 7 [1792/9500 (19%)]		Loss: 15.061 (15.180)		Time Dataloader: 0.003 (0.020)		Time Network: 17.771 (15.947)
Train Epoch: 7 [1856/9500 (20%)]		Loss: 15.140 (15.179)		Time Dataloader: 0.001 (0.020)		Time Network: 17.904 (16.012)
Train Epoch: 7 [1920/9500 (20%)]		Loss: 15.030 (15.174)		Time Dataloader: 0.009 (0.019)		Time Network: 17.612 (16.064)
Train Epoch: 7 [1984/9500 (21%)]		Loss: 15.198 (15.174)		Time Dataloader: 0.002 (0.019)		Time Network: 17.664 (16.114)
Train Epoch: 7 [2048/9500 (22%)]		Loss: 14.991 (15.169)		Time Dataloader: 0.002 (0.018)		Time Network: 17.435 (16.154)
Train Epoch: 7 [2112/9500 (22%)]		Loss: 14.835 (15.159)		Time Dataloader: 0.002 (0.018)		Time Network: 15.025 (16.120)
Train Epoch: 7 [2176/9500 (23%)]		Loss: 15.029 (15.155)		Time Dataloader: 0.002 (0.017)		Time Network: 0.089 (15.662)
Train Epoch: 7 [2240/9500 (24%)]		Loss: 15.701 (15.171)		Time Dataloader: 0.002 (0.017)		Time Network: 17.510 (15.714)
Train Epoch: 7 [2304/9500 (24%)]		Loss: 15.161 (15.170)		Time Dataloader: 0.002 (0.016)		Time Network: 18.147 (15.780)
Train Epoch: 7 [2368/9500 (25%)]		Loss: 15.342 (15.175)		Time Dataloader: 0.007 (0.016)		Time Network: 17.368 (15.821)
Train Epoch: 7 [2432/9500 (26%)]		Loss: 15.742 (15.189)		Time Dataloader: 0.003 (0.016)		Time Network: 17.242 (15.858)
Train Epoch: 7 [2496/9500 (26%)]		Loss: 14.998 (15.185)		Time Dataloader: 0.001 (0.015)		Time Network: 17.540 (15.900)
Train Epoch: 7 [2560/9500 (27%)]		Loss: 14.822 (15.176)		Time Dataloader: 0.002 (0.015)		Time Network: 17.211 (15.932)
Train Epoch: 7 [2624/9500 (28%)]		Loss: 15.160 (15.175)		Time Dataloader: 0.008 (0.015)		Time Network: 7.518 (15.731)
Train Epoch: 7 [2688/9500 (28%)]		Loss: 15.352 (15.179)		Time Dataloader: 0.006 (0.015)		Time Network: 0.086 (15.368)
Train Epoch: 7 [2752/9500 (29%)]		Loss: 15.285 (15.182)		Time Dataloader: 0.002 (0.014)		Time Network: 17.298 (15.411)
Train Epoch: 7 [2816/9500 (30%)]		Loss: 15.163 (15.181)		Time Dataloader: 0.008 (0.014)		Time Network: 17.018 (15.447)
Train Epoch: 7 [2880/9500 (30%)]		Loss: 15.582 (15.190)		Time Dataloader: 0.002 (0.014)		Time Network: 17.243 (15.486)
Train Epoch: 7 [2944/9500 (31%)]		Loss: 15.238 (15.191)		Time Dataloader: 0.003 (0.014)		Time Network: 17.880 (15.537)
Train Epoch: 7 [3008/9500 (32%)]		Loss: 15.039 (15.188)		Time Dataloader: 0.001 (0.014)		Time Network: 8.209 (15.384)
Train Epoch: 7 [3072/9500 (32%)]		Loss: 15.123 (15.187)		Time Dataloader: 0.002 (0.013)		Time Network: 19.169 (15.462)
Train Epoch: 7 [3136/9500 (33%)]		Loss: 15.088 (15.185)		Time Dataloader: 0.009 (0.013)		Time Network: 19.311 (15.539)
Train Epoch: 7 [3200/9500 (34%)]		Loss: 15.468 (15.190)		Time Dataloader: 0.002 (0.013)		Time Network: 19.537 (15.617)
Train Epoch: 7 [3264/9500 (34%)]		Loss: 15.541 (15.197)		Time Dataloader: 0.002 (0.013)		Time Network: 8.875 (15.487)
Train Epoch: 7 [3328/9500 (35%)]		Loss: 14.949 (15.192)		Time Dataloader: 0.002 (0.013)		Time Network: 19.377 (15.561)
Train Epoch: 7 [3392/9500 (36%)]		Loss: 15.239 (15.193)		Time Dataloader: 0.002 (0.012)		Time Network: 19.114 (15.627)
Train Epoch: 7 [3456/9500 (36%)]		Loss: 15.097 (15.191)		Time Dataloader: 0.003 (0.012)		Time Network: 19.546 (15.698)
Train Epoch: 7 [3520/9500 (37%)]		Loss: 15.479 (15.197)		Time Dataloader: 0.001 (0.012)		Time Network: 19.703 (15.769)
Train Epoch: 7 [3584/9500 (38%)]		Loss: 15.662 (15.205)		Time Dataloader: 0.009 (0.012)		Time Network: 8.600 (15.644)
Train Epoch: 7 [3648/9500 (38%)]		Loss: 15.236 (15.205)		Time Dataloader: 0.002 (0.012)		Time Network: 0.414 (15.381)
Train Epoch: 7 [3712/9500 (39%)]		Loss: 15.204 (15.205)		Time Dataloader: 0.003 (0.012)		Time Network: 19.295 (15.447)
Train Epoch: 7 [3776/9500 (40%)]		Loss: 15.003 (15.202)		Time Dataloader: 0.009 (0.012)		Time Network: 19.080 (15.508)
Train Epoch: 7 [3840/9500 (40%)]		Loss: 15.038 (15.199)		Time Dataloader: 0.002 (0.011)		Time Network: 19.502 (15.573)
Train Epoch: 7 [3904/9500 (41%)]		Loss: 15.572 (15.205)		Time Dataloader: 0.002 (0.011)		Time Network: 19.471 (15.636)
Train Epoch: 7 [3968/9500 (42%)]		Loss: 15.162 (15.205)		Time Dataloader: 0.009 (0.011)		Time Network: 19.497 (15.698)
Train Epoch: 7 [4032/9500 (42%)]		Loss: 15.154 (15.204)		Time Dataloader: 0.002 (0.011)		Time Network: 19.545 (15.758)
Train Epoch: 7 [4096/9500 (43%)]		Loss: 14.784 (15.197)		Time Dataloader: 0.003 (0.011)		Time Network: 19.638 (15.817)
Train Epoch: 7 [4160/9500 (44%)]		Loss: 15.508 (15.202)		Time Dataloader: 0.002 (0.011)		Time Network: 7.021 (15.684)
Train Epoch: 7 [4224/9500 (44%)]		Loss: 15.361 (15.204)		Time Dataloader: 0.005 (0.011)		Time Network: 19.126 (15.735)
Train Epoch: 7 [4288/9500 (45%)]		Loss: 15.242 (15.205)		Time Dataloader: 0.003 (0.011)		Time Network: 19.073 (15.785)
Train Epoch: 7 [4352/9500 (46%)]		Loss: 15.361 (15.207)		Time Dataloader: 0.002 (0.011)		Time Network: 19.391 (15.837)
Train Epoch: 7 [4416/9500 (46%)]		Loss: 15.684 (15.214)		Time Dataloader: 0.003 (0.010)		Time Network: 19.163 (15.884)
Train Epoch: 7 [4480/9500 (47%)]		Loss: 15.313 (15.215)		Time Dataloader: 0.002 (0.010)		Time Network: 19.153 (15.930)
Train Epoch: 7 [4544/9500 (48%)]		Loss: 15.192 (15.215)		Time Dataloader: 0.002 (0.010)		Time Network: 1.922 (15.736)
Train Epoch: 7 [4608/9500 (49%)]		Loss: 15.396 (15.218)		Time Dataloader: 0.002 (0.010)		Time Network: 0.103 (15.522)
Train Epoch: 7 [4672/9500 (49%)]		Loss: 15.423 (15.220)		Time Dataloader: 0.003 (0.010)		Time Network: 18.709 (15.565)
Train Epoch: 7 [4736/9500 (50%)]		Loss: 15.645 (15.226)		Time Dataloader: 0.002 (0.010)		Time Network: 19.470 (15.617)
Train Epoch: 7 [4800/9500 (51%)]		Loss: 15.439 (15.229)		Time Dataloader: 0.002 (0.010)		Time Network: 18.860 (15.659)
Train Epoch: 7 [4864/9500 (51%)]		Loss: 15.132 (15.228)		Time Dataloader: 0.002 (0.010)		Time Network: 5.644 (15.529)
Train Epoch: 7 [4928/9500 (52%)]		Loss: 15.085 (15.226)		Time Dataloader: 0.008 (0.010)		Time Network: 19.251 (15.577)
Train Epoch: 7 [4992/9500 (53%)]		Loss: 15.481 (15.229)		Time Dataloader: 0.002 (0.010)		Time Network: 0.551 (15.387)
Train Epoch: 7 [5056/9500 (53%)]		Loss: 15.243 (15.229)		Time Dataloader: 0.006 (0.009)		Time Network: 0.100 (15.196)
Train Epoch: 7 [5120/9500 (54%)]		Loss: 15.375 (15.231)		Time Dataloader: 0.010 (0.009)		Time Network: 0.100 (15.009)
Train Epoch: 7 [5184/9500 (55%)]		Loss: 15.676 (15.236)		Time Dataloader: 0.006 (0.009)		Time Network: 19.148 (15.060)
Train Epoch: 7 [5248/9500 (55%)]		Loss: 15.062 (15.234)		Time Dataloader: 0.002 (0.009)		Time Network: 19.130 (15.109)
Train Epoch: 7 [5312/9500 (56%)]		Loss: 15.000 (15.231)		Time Dataloader: 0.002 (0.009)		Time Network: 18.846 (15.153)
Train Epoch: 7 [5376/9500 (57%)]		Loss: 15.141 (15.230)		Time Dataloader: 0.002 (0.009)		Time Network: 19.015 (15.199)
Train Epoch: 7 [5440/9500 (57%)]		Loss: 15.512 (15.234)		Time Dataloader: 0.002 (0.009)		Time Network: 18.985 (15.243)
Train Epoch: 7 [5504/9500 (58%)]		Loss: 14.969 (15.231)		Time Dataloader: 0.009 (0.009)		Time Network: 18.630 (15.282)
Train Epoch: 7 [5568/9500 (59%)]		Loss: 15.148 (15.230)		Time Dataloader: 0.002 (0.009)		Time Network: 19.015 (15.324)
Train Epoch: 7 [5632/9500 (59%)]		Loss: 15.265 (15.230)		Time Dataloader: 0.002 (0.009)		Time Network: 18.843 (15.364)
Train Epoch: 7 [5696/9500 (60%)]		Loss: 15.043 (15.228)		Time Dataloader: 0.002 (0.009)		Time Network: 18.704 (15.401)
Train Epoch: 7 [5760/9500 (61%)]		Loss: 15.292 (15.229)		Time Dataloader: 0.003 (0.009)		Time Network: 18.668 (15.437)
Train Epoch: 7 [5824/9500 (61%)]		Loss: 15.098 (15.227)		Time Dataloader: 0.006 (0.009)		Time Network: 18.888 (15.474)
Train Epoch: 7 [5888/9500 (62%)]		Loss: 14.955 (15.224)		Time Dataloader: 0.001 (0.009)		Time Network: 18.967 (15.512)
Train Epoch: 7 [5952/9500 (63%)]		Loss: 15.132 (15.223)		Time Dataloader: 0.001 (0.009)		Time Network: 18.954 (15.548)
Train Epoch: 7 [6016/9500 (63%)]		Loss: 15.010 (15.221)		Time Dataloader: 0.002 (0.009)		Time Network: 20.130 (15.597)
Train Epoch: 7 [6080/9500 (64%)]		Loss: 15.102 (15.220)		Time Dataloader: 0.005 (0.008)		Time Network: 18.394 (15.626)
Train Epoch: 7 [6144/9500 (65%)]		Loss: 14.752 (15.215)		Time Dataloader: 0.002 (0.008)		Time Network: 18.382 (15.654)
Train Epoch: 7 [6208/9500 (65%)]		Loss: 15.431 (15.217)		Time Dataloader: 0.002 (0.008)		Time Network: 18.492 (15.683)
Train Epoch: 7 [6272/9500 (66%)]		Loss: 15.496 (15.220)		Time Dataloader: 0.002 (0.008)		Time Network: 18.401 (15.711)
Train Epoch: 7 [6336/9500 (67%)]		Loss: 15.361 (15.221)		Time Dataloader: 0.002 (0.008)		Time Network: 11.790 (15.671)
Train Epoch: 7 [6400/9500 (67%)]		Loss: 15.034 (15.220)		Time Dataloader: 0.002 (0.008)		Time Network: 18.052 (15.695)
Train Epoch: 7 [6464/9500 (68%)]		Loss: 15.421 (15.222)		Time Dataloader: 0.002 (0.008)		Time Network: 17.773 (15.715)
Train Epoch: 7 [6528/9500 (69%)]		Loss: 15.150 (15.221)		Time Dataloader: 0.002 (0.008)		Time Network: 17.839 (15.736)
Train Epoch: 7 [6592/9500 (69%)]		Loss: 14.959 (15.218)		Time Dataloader: 0.001 (0.008)		Time Network: 17.802 (15.756)
Train Epoch: 7 [6656/9500 (70%)]		Loss: 15.033 (15.217)		Time Dataloader: 0.002 (0.008)		Time Network: 17.639 (15.774)
Train Epoch: 7 [6720/9500 (71%)]		Loss: 15.392 (15.218)		Time Dataloader: 0.003 (0.008)		Time Network: 17.779 (15.793)
Train Epoch: 7 [6784/9500 (71%)]		Loss: 15.331 (15.219)		Time Dataloader: 0.002 (0.008)		Time Network: 17.575 (15.809)
Train Epoch: 7 [6848/9500 (72%)]		Loss: 15.607 (15.223)		Time Dataloader: 0.002 (0.008)		Time Network: 18.001 (15.830)
Train Epoch: 7 [6912/9500 (73%)]		Loss: 14.966 (15.221)		Time Dataloader: 0.002 (0.008)		Time Network: 17.434 (15.844)
Train Epoch: 7 [6976/9500 (73%)]		Loss: 15.052 (15.219)		Time Dataloader: 0.002 (0.008)		Time Network: 17.664 (15.861)
Train Epoch: 7 [7040/9500 (74%)]		Loss: 15.228 (15.219)		Time Dataloader: 0.002 (0.008)		Time Network: 17.862 (15.879)
Train Epoch: 7 [7104/9500 (75%)]		Loss: 15.252 (15.219)		Time Dataloader: 0.002 (0.008)		Time Network: 17.734 (15.896)
Train Epoch: 7 [7168/9500 (75%)]		Loss: 15.665 (15.223)		Time Dataloader: 0.002 (0.007)		Time Network: 18.060 (15.915)
Train Epoch: 7 [7232/9500 (76%)]		Loss: 15.615 (15.227)		Time Dataloader: 0.002 (0.007)		Time Network: 18.074 (15.934)
Train Epoch: 7 [7296/9500 (77%)]		Loss: 15.309 (15.228)		Time Dataloader: 0.001 (0.007)		Time Network: 17.204 (15.945)
Train Epoch: 7 [7360/9500 (77%)]		Loss: 15.472 (15.230)		Time Dataloader: 0.008 (0.007)		Time Network: 17.267 (15.956)
Train Epoch: 7 [7424/9500 (78%)]		Loss: 15.066 (15.228)		Time Dataloader: 0.008 (0.007)		Time Network: 17.099 (15.966)
Train Epoch: 7 [7488/9500 (79%)]		Loss: 15.255 (15.228)		Time Dataloader: 0.002 (0.007)		Time Network: 15.435 (15.961)
Train Epoch: 7 [7552/9500 (79%)]		Loss: 15.258 (15.229)		Time Dataloader: 0.002 (0.007)		Time Network: 0.145 (15.828)
Train Epoch: 7 [7616/9500 (80%)]		Loss: 15.091 (15.228)		Time Dataloader: 0.002 (0.007)		Time Network: 17.251 (15.840)
Train Epoch: 7 [7680/9500 (81%)]		Loss: 15.606 (15.231)		Time Dataloader: 0.001 (0.007)		Time Network: 17.072 (15.850)
Train Epoch: 7 [7744/9500 (82%)]		Loss: 14.936 (15.228)		Time Dataloader: 0.002 (0.007)		Time Network: 17.346 (15.863)
Train Epoch: 7 [7808/9500 (82%)]		Loss: 14.740 (15.224)		Time Dataloader: 0.002 (0.007)		Time Network: 11.287 (15.826)
Train Epoch: 7 [7872/9500 (83%)]		Loss: 14.929 (15.222)		Time Dataloader: 0.002 (0.007)		Time Network: 17.179 (15.836)
Train Epoch: 7 [7936/9500 (84%)]		Loss: 15.214 (15.222)		Time Dataloader: 0.001 (0.007)		Time Network: 17.112 (15.847)
Train Epoch: 7 [8000/9500 (84%)]		Loss: 15.102 (15.221)		Time Dataloader: 0.002 (0.007)		Time Network: 9.441 (15.796)
Train Epoch: 7 [8064/9500 (85%)]		Loss: 15.079 (15.220)		Time Dataloader: 0.002 (0.007)		Time Network: 0.094 (15.672)
Train Epoch: 7 [8128/9500 (86%)]		Loss: 14.993 (15.218)		Time Dataloader: 0.002 (0.007)		Time Network: 17.073 (15.683)
Train Epoch: 7 [8192/9500 (86%)]		Loss: 14.913 (15.216)		Time Dataloader: 0.002 (0.007)		Time Network: 17.177 (15.695)
Train Epoch: 7 [8256/9500 (87%)]		Loss: 15.126 (15.215)		Time Dataloader: 0.002 (0.007)		Time Network: 17.155 (15.706)
Train Epoch: 7 [8320/9500 (88%)]		Loss: 15.072 (15.214)		Time Dataloader: 0.001 (0.007)		Time Network: 16.995 (15.716)
Train Epoch: 7 [8384/9500 (88%)]		Loss: 15.351 (15.215)		Time Dataloader: 0.001 (0.007)		Time Network: 11.741 (15.686)
Train Epoch: 7 [8448/9500 (89%)]		Loss: 14.875 (15.212)		Time Dataloader: 0.001 (0.007)		Time Network: 0.079 (15.568)
Train Epoch: 7 [8512/9500 (90%)]		Loss: 15.135 (15.212)		Time Dataloader: 0.009 (0.007)		Time Network: 4.751 (15.488)
Train Epoch: 7 [8576/9500 (90%)]		Loss: 15.151 (15.211)		Time Dataloader: 0.002 (0.007)		Time Network: 17.236 (15.501)
Train Epoch: 7 [8640/9500 (91%)]		Loss: 14.906 (15.209)		Time Dataloader: 0.001 (0.007)		Time Network: 17.155 (15.513)
Train Epoch: 7 [8704/9500 (92%)]		Loss: 14.939 (15.207)		Time Dataloader: 0.005 (0.007)		Time Network: 17.024 (15.524)
Train Epoch: 7 [8768/9500 (92%)]		Loss: 15.219 (15.207)		Time Dataloader: 0.002 (0.007)		Time Network: 17.226 (15.536)
Train Epoch: 7 [8832/9500 (93%)]		Loss: 15.164 (15.207)		Time Dataloader: 0.001 (0.007)		Time Network: 17.025 (15.547)
Train Epoch: 7 [8896/9500 (94%)]		Loss: 15.259 (15.207)		Time Dataloader: 0.002 (0.007)		Time Network: 17.127 (15.558)
Train Epoch: 7 [8960/9500 (94%)]		Loss: 15.497 (15.209)		Time Dataloader: 0.002 (0.006)		Time Network: 17.174 (15.570)
Train Epoch: 7 [9024/9500 (95%)]		Loss: 15.448 (15.211)		Time Dataloader: 0.001 (0.006)		Time Network: 17.100 (15.580)
Train Epoch: 7 [9088/9500 (96%)]		Loss: 15.146 (15.211)		Time Dataloader: 0.001 (0.006)		Time Network: 17.146 (15.591)
Train Epoch: 7 [9152/9500 (96%)]		Loss: 14.752 (15.207)		Time Dataloader: 0.002 (0.006)		Time Network: 19.531 (15.619)
Train Epoch: 7 [9216/9500 (97%)]		Loss: 15.284 (15.208)		Time Dataloader: 0.007 (0.006)		Time Network: 19.654 (15.646)
Train Epoch: 7 [9280/9500 (98%)]		Loss: 14.789 (15.205)		Time Dataloader: 0.003 (0.006)		Time Network: 19.028 (15.670)
Train Epoch: 7 [9344/9500 (98%)]		Loss: 15.011 (15.204)		Time Dataloader: 0.002 (0.006)		Time Network: 8.152 (15.618)
Train Epoch: 7 [9408/9500 (99%)]		Loss: 15.144 (15.203)		Time Dataloader: 0.002 (0.006)		Time Network: 19.059 (15.642)
Train Epoch: 7 [9472/9500 (100%)]		Loss: 15.025 (15.203)		Time Dataloader: 0.002 (0.006)		Time Network: 3.113 (15.558)
Done. This took 38:39 min.
Start testing epoch 7
